Component: ARM Compiler 5.06 update 5 (build 528) Tool: armlink [4d35e2]

==============================================================================

Section Cross References

    startup_stm32f103xb.o(RESET) refers to startup_stm32f103xb.o(STACK) for __initial_sp
    startup_stm32f103xb.o(RESET) refers to startup_stm32f103xb.o(.text) for Reset_Handler
    startup_stm32f103xb.o(RESET) refers to stm32f1xx_it.o(i.NMI_Handler) for NMI_Handler
    startup_stm32f103xb.o(RESET) refers to stm32f1xx_it.o(i.HardFault_Handler) for HardFault_Handler
    startup_stm32f103xb.o(RESET) refers to stm32f1xx_it.o(i.MemManage_Handler) for MemManage_Handler
    startup_stm32f103xb.o(RESET) refers to stm32f1xx_it.o(i.BusFault_Handler) for BusFault_Handler
    startup_stm32f103xb.o(RESET) refers to stm32f1xx_it.o(i.UsageFault_Handler) for UsageFault_Handler
    startup_stm32f103xb.o(RESET) refers to port.o(.emb_text) for SVC_Handler
    startup_stm32f103xb.o(RESET) refers to stm32f1xx_it.o(i.DebugMon_Handler) for DebugMon_Handler
    startup_stm32f103xb.o(RESET) refers to port.o(i.SysTick_Handler) for SysTick_Handler
    startup_stm32f103xb.o(RESET) refers to stm32f1xx_it.o(i.TIM1_UP_IRQHandler) for TIM1_UP_IRQHandler
    startup_stm32f103xb.o(.text) refers to system_stm32f1xx.o(i.SystemInit) for SystemInit
    startup_stm32f103xb.o(.text) refers to entry.o(.ARM.Collect$$$$00000000) for __main
    my_functions.o(i.UART_Printf) refers to printfa.o(i.__0vsnprintf) for vsnprintf
    my_functions.o(i.UART_Printf) refers to strlen.o(.text) for strlen
    my_functions.o(i.UART_Printf) refers to stm32f1xx_hal_uart.o(i.HAL_UART_Transmit) for HAL_UART_Transmit
    my_functions.o(i.UART_Printf) refers to main.o(.bss) for huart3
    my_functions.o(i.flash_led) refers to stm32f1xx_hal_gpio.o(i.HAL_GPIO_WritePin) for HAL_GPIO_WritePin
    my_functions.o(i.flash_led) refers to stm32f1xx_hal.o(i.HAL_Delay) for HAL_Delay
    my_functions.o(i.foult_handler) refers to stm32f1xx_hal_gpio.o(i.HAL_GPIO_WritePin) for HAL_GPIO_WritePin
    my_functions.o(i.foult_handler) refers to stm32f1xx_hal.o(i.HAL_Delay) for HAL_Delay
    my_functions.o(i.foult_handler) refers to my_functions.o(i.UART_Printf) for UART_Printf
    my_functions.o(i.foult_handler) refers to my_functions.o(i.set_RTC) for set_RTC
    my_functions.o(i.foult_handler) refers to printfa.o(i.__0printf) for __2printf
    my_functions.o(i.get_RTC_str) refers to stm32f1xx_hal_rtc.o(i.HAL_RTC_GetTime) for HAL_RTC_GetTime
    my_functions.o(i.get_RTC_str) refers to stm32f1xx_hal_rtc.o(i.HAL_RTC_GetDate) for HAL_RTC_GetDate
    my_functions.o(i.get_RTC_str) refers to printfa.o(i.__0sprintf) for __2sprintf
    my_functions.o(i.get_RTC_str) refers to main.o(.bss) for hrtc
    my_functions.o(i.get_RTC_str) refers to my_functions.o(.bss) for str
    my_functions.o(i.make_array_of_coordinate) refers to stm32f1xx_hal_uart.o(i.HAL_UART_Receive) for HAL_UART_Receive
    my_functions.o(i.make_array_of_coordinate) refers to strncmp.o(.text) for strncmp
    my_functions.o(i.make_array_of_coordinate) refers to memchr.o(.text) for memchr
    my_functions.o(i.make_array_of_coordinate) refers to memcpya.o(.text) for __aeabi_memcpy
    my_functions.o(i.make_array_of_coordinate) refers to atof.o(i.atof) for atof
    my_functions.o(i.make_array_of_coordinate) refers to ddiv.o(.text) for __aeabi_ddiv
    my_functions.o(i.make_array_of_coordinate) refers to d2f.o(.text) for __aeabi_d2f
    my_functions.o(i.make_array_of_coordinate) refers to atoi.o(.text) for atoi
    my_functions.o(i.make_array_of_coordinate) refers to fflti.o(.text) for __aeabi_i2f
    my_functions.o(i.make_array_of_coordinate) refers to fadd.o(.text) for __aeabi_fadd
    my_functions.o(i.make_array_of_coordinate) refers to f2d.o(.text) for __aeabi_f2d
    my_functions.o(i.make_array_of_coordinate) refers to printfa.o(i.__0sprintf) for __2sprintf
    my_functions.o(i.make_array_of_coordinate) refers to main.o(.bss) for huart1
    my_functions.o(i.make_array_of_coordinate) refers to my_functions.o(.bss) for crdnt
    my_functions.o(i.send_message) refers to my_functions.o(i.UART_Printf) for UART_Printf
    my_functions.o(i.send_message) refers to my_functions.o(i.get_RTC_str) for get_RTC_str
    my_functions.o(i.send_message) refers to stm32f1xx_hal_uart.o(i.HAL_UART_Receive) for HAL_UART_Receive
    my_functions.o(i.send_message) refers to strchr.o(.text) for strchr
    my_functions.o(i.send_message) refers to strncmp.o(.text) for strncmp
    my_functions.o(i.send_message) refers to my_functions.o(.conststring) for .conststring
    my_functions.o(i.send_message) refers to main.o(.bss) for huart3
    my_functions.o(i.set_RTC) refers to my_functions.o(i.UART_Printf) for UART_Printf
    my_functions.o(i.set_RTC) refers to stm32f1xx_hal_uart.o(i.HAL_UART_Receive) for HAL_UART_Receive
    my_functions.o(i.set_RTC) refers to strstr.o(.text) for strstr
    my_functions.o(i.set_RTC) refers to strlen.o(.text) for strlen
[...]
    i.HAL_PWR_EnableBkUpAccess               0x08001484   Section        0  stm32f1xx_hal_pwr.o(i.HAL_PWR_EnableBkUpAccess)
    i.HAL_RCCEx_GetPeriphCLKFreq             0x08001490   Section        0  stm32f1xx_hal_rcc_ex.o(i.HAL_RCCEx_GetPeriphCLKFreq)
    i.HAL_RCCEx_PeriphCLKConfig              0x080015a8   Section        0  stm32f1xx_hal_rcc_ex.o(i.HAL_RCCEx_PeriphCLKConfig)
    i.HAL_RCC_ClockConfig                    0x080016d8   Section        0  stm32f1xx_hal_rcc.o(i.HAL_RCC_ClockConfig)
    i.HAL_RCC_GetClockConfig                 0x08001864   Section        0  stm32f1xx_hal_rcc.o(i.HAL_RCC_GetClockConfig)
    i.HAL_RCC_GetHCLKFreq                    0x080018a8   Section        0  stm32f1xx_hal_rcc.o(i.HAL_RCC_GetHCLKFreq)
    i.HAL_RCC_GetPCLK1Freq                   0x080018b4   Section        0  stm32f1xx_hal_rcc.o(i.HAL_RCC_GetPCLK1Freq)
    i.HAL_RCC_GetPCLK2Freq                   0x080018d4   Section        0  stm32f1xx_hal_rcc.o(i.HAL_RCC_GetPCLK2Freq)
    i.HAL_RCC_GetSysClockFreq                0x080018f4   Section        0  stm32f1xx_hal_rcc.o(i.HAL_RCC_GetSysClockFreq)
    i.HAL_RCC_OscConfig                      0x08001988   Section        0  stm32f1xx_hal_rcc.o(i.HAL_RCC_OscConfig)
    i.HAL_RTC_GetDate                        0x08001dec   Section        0  stm32f1xx_hal_rtc.o(i.HAL_RTC_GetDate)
    i.HAL_RTC_GetTime                        0x08001e3e   Section        0  stm32f1xx_hal_rtc.o(i.HAL_RTC_GetTime)
    i.HAL_RTC_Init                           0x08001f44   Section        0  stm32f1xx_hal_rtc.o(i.HAL_RTC_Init)
    i.HAL_RTC_MspInit                        0x08002014   Section        0  stm32f1xx_hal_msp.o(i.HAL_RTC_MspInit)
    i.HAL_RTC_SetDate                        0x08002054   Section        0  stm32f1xx_hal_rtc.o(i.HAL_RTC_SetDate)
    i.HAL_RTC_SetTime                        0x0800214c   Section        0  stm32f1xx_hal_rtc.o(i.HAL_RTC_SetTime)
    i.HAL_RTC_WaitForSynchro                 0x08002228   Section        0  stm32f1xx_hal_rtc.o(i.HAL_RTC_WaitForSynchro)
    i.HAL_TIMEx_BreakCallback                0x08002268   Section        0  stm32f1xx_hal_tim_ex.o(i.HAL_TIMEx_BreakCallback)
    i.HAL_TIMEx_CommutCallback               0x0800226a   Section        0  stm32f1xx_hal_tim_ex.o(i.HAL_TIMEx_CommutCallback)
    i.HAL_TIM_Base_Init                      0x0800226c   Section        0  stm32f1xx_hal_tim.o(i.HAL_TIM_Base_Init)
    i.HAL_TIM_Base_MspInit                   0x080022a0   Section        0  stm32f1xx_hal_tim.o(i.HAL_TIM_Base_MspInit)
    i.HAL_TIM_Base_Start_IT                  0x080022a2   Section        0  stm32f1xx_hal_tim.o(i.HAL_TIM_Base_Start_IT)
    i.HAL_TIM_IC_CaptureCallback             0x080022cc   Section        0  stm32f1xx_hal_tim.o(i.HAL_TIM_IC_CaptureCallback)
    i.HAL_TIM_IRQHandler                     0x080022ce   Section        0  stm32f1xx_hal_tim.o(i.HAL_TIM_IRQHandler)
    i.HAL_TIM_OC_DelayElapsedCallback        0x08002464   Section        0  stm32f1xx_hal_tim.o(i.HAL_TIM_OC_DelayElapsedCallback)
    i.HAL_TIM_PWM_PulseFinishedCallback      0x08002466   Section        0  stm32f1xx_hal_tim.o(i.HAL_TIM_PWM_PulseFinishedCallback)
    i.HAL_TIM_PeriodElapsedCallback          0x08002468   Section        0  main.o(i.HAL_TIM_PeriodElapsedCallback)
    i.HAL_TIM_TriggerCallback                0x08002480   Section        0  stm32f1xx_hal_tim.o(i.HAL_TIM_TriggerCallback)
    i.HAL_UART_Init                          0x08002482   Section        0  stm32f1xx_hal_uart.o(i.HAL_UART_Init)
    i.HAL_UART_MspInit                       0x080024f4   Section        0  stm32f1xx_hal_msp.o(i.HAL_UART_MspInit)
    i.HAL_UART_Receive                       0x080025f8   Section        0  stm32f1xx_hal_uart.o(i.HAL_UART_Receive)
    i.HAL_UART_Transmit                      0x080026d6   Section        0  stm32f1xx_hal_uart.o(i.HAL_UART_Transmit)
    i.HardFault_Handler                      0x080027ac   Section        0  stm32f1xx_it.o(i.HardFault_Handler)
    i.ITM_SendChar                           0x080027b4   Section        0  retarget_io.o(i.ITM_SendChar)
    i.MX_GPIO_Init                           0x080027e4   Section        0  main.o(i.MX_GPIO_Init)
    MX_GPIO_Init                             0x080027e5   Thumb Code   208  main.o(i.MX_GPIO_Init)
    i.MX_RTC_Init                            0x080028c0   Section        0  main.o(i.MX_RTC_Init)
    MX_RTC_Init                              0x080028c1   Thumb Code   104  main.o(i.MX_RTC_Init)
    i.MX_USART1_UART_Init                    0x08002930   Section        0  main.o(i.MX_USART1_UART_Init)
    MX_USART1_UART_Init                      0x08002931   Thumb Code    46  main.o(i.MX_USART1_UART_Init)
    i.MX_USART3_UART_Init                    0x08002968   Section        0  main.o(i.MX_USART3_UART_Init)
    MX_USART3_UART_Init                      0x08002969   Thumb Code    46  main.o(i.MX_USART3_UART_Init)
    i.MemManage_Handler                      0x080029a0   Section        0  stm32f1xx_it.o(i.MemManage_Handler)
    i.NMI_Handler                            0x080029a4   Section        0  stm32f1xx_it.o(i.NMI_Handler)
    i.RCC_Delay                              0x080029a8   Section        0  stm32f1xx_hal_rcc.o(i.RCC_Delay)
    RCC_Delay                                0x080029a9   Thumb Code    36  stm32f1xx_hal_rcc.o(i.RCC_Delay)
    i.RTC_Bcd2ToByte                         0x080029d0   Section        0  stm32f1xx_hal_rtc.o(i.RTC_Bcd2ToByte)
    RTC_Bcd2ToByte                           0x080029d1   Thumb Code    22  stm32f1xx_hal_rtc.o(i.RTC_Bcd2ToByte)
    i.RTC_ByteToBcd2                         0x080029e6   Section        0  stm32f1xx_hal_rtc.o(i.RTC_ByteToBcd2)
    RTC_ByteToBcd2                           0x080029e7   Thumb Code    26  stm32f1xx_hal_rtc.o(i.RTC_ByteToBcd2)
    i.RTC_DateUpdate                         0x08002a00   Section        0  stm32f1xx_hal_rtc.o(i.RTC_DateUpdate)
    RTC_DateUpdate                           0x08002a01   Thumb Code   182  stm32f1xx_hal_rtc.o(i.RTC_DateUpdate)
    i.RTC_EnterInitMode                      0x08002ab6   Section        0  stm32f1xx_hal_rtc.o(i.RTC_EnterInitMode)
    RTC_EnterInitMode                        0x08002ab7   Thumb Code    58  stm32f1xx_hal_rtc.o(i.RTC_EnterInitMode)
    i.RTC_ExitInitMode                       0x08002af0   Section        0  stm32f1xx_hal_rtc.o(i.RTC_ExitInitMode)
    RTC_ExitInitMode                         0x08002af1   Thumb Code    58  stm32f1xx_hal_rtc.o(i.RTC_ExitInitMode)
    i.RTC_IsLeapYear                         0x08002b2a   Section        0  stm32f1xx_hal_rtc.o(i.RTC_IsLeapYear)
    RTC_IsLeapYear                           0x08002b2b   Thumb Code    50  stm32f1xx_hal_rtc.o(i.RTC_IsLeapYear)
    i.RTC_ReadAlarmCounter                   0x08002b5c   Section        0  stm32f1xx_hal_rtc.o(i.RTC_ReadAlarmCounter)
    RTC_ReadAlarmCounter                     0x08002b5d   Thumb Code    24  stm32f1xx_hal_rtc.o(i.RTC_ReadAlarmCounter)
    i.RTC_ReadTimeCounter                    0x08002b74   Section        0  stm32f1xx_hal_rtc.o(i.RTC_ReadTimeCounter)
    RTC_ReadTimeCounter                      0x08002b75   Thumb Code    52  stm32f1xx_hal_rtc.o(i.RTC_ReadTimeCounter)
    i.RTC_WeekDayNum                         0x08002ba8   Section        0  stm32f1xx_hal_rtc.o(i.RTC_WeekDayNum)
    RTC_WeekDayNum                           0x08002ba9   Thumb Code   132  stm32f1xx_hal_rtc.o(i.RTC_WeekDayNum)
    i.RTC_WriteAlarmCounter                  0x08002c2c   Section        0  stm32f1xx_hal_rtc.o(i.RTC_WriteAlarmCounter)
    RTC_WriteAlarmCounter                    0x08002c2d   Thumb Code    46  stm32f1xx_hal_rtc.o(i.RTC_WriteAlarmCounter)
    i.RTC_WriteTimeCounter                   0x08002c5a   Section        0  stm32f1xx_hal_rtc.o(i.RTC_WriteTimeCounter)
    RTC_WriteTimeCounter                     0x08002c5b   Thumb Code    46  stm32f1xx_hal_rtc.o(i.RTC_WriteTimeCounter)
    i.StartDefaultTask                       0x08002c88   Section        0  main.o(i.StartDefaultTask)
    i.SysTick_Handler                        0x08002ce0   Section        0  port.o(i.SysTick_Handler)
    i.SystemClock_Config                     0x08002d14   Section        0  main.o(i.SystemClock_Config)
    i.SystemInit                             0x08002d9c   Section        0  system_stm32f1xx.o(i.SystemInit)
    i.TIM1_UP_IRQHandler                     0x08002df4   Section        0  stm32f1xx_it.o(i.TIM1_UP_IRQHandler)
    i.TIM_Base_SetConfig                     0x08002e04   Section        0  stm32f1xx_hal_tim.o(i.TIM_Base_SetConfig)
    i.UART_Printf                            0x08002e78   Section        0  my_functions.o(i.UART_Printf)
    i.UART_SetConfig                         0x08002eb8   Section        0  stm32f1xx_hal_uart.o(i.UART_SetConfig)
    UART_SetConfig                           0x08002eb9   Thumb Code   412  stm32f1xx_hal_uart.o(i.UART_SetConfig)
    i.UART_WaitOnFlagUntilTimeout            0x08003058   Section        0  stm32f1xx_hal_uart.o(i.UART_WaitOnFlagUntilTimeout)
    UART_WaitOnFlagUntilTimeout              0x08003059   Thumb Code   108  stm32f1xx_hal_uart.o(i.UART_WaitOnFlagUntilTimeout)
    i.UsageFault_Handler                     0x080030c4   Section        0  stm32f1xx_it.o(i.UsageFault_Handler)
    i.__0printf                              0x080030c8   Section        0  printfa.o(i.__0printf)
    i.__0sprintf                             0x080030e8   Section        0  printfa.o(i.__0sprintf)
    i.__0vsnprintf                           0x08003110   Section        0  printfa.o(i.__0vsnprintf)
    i.__NVIC_GetPriorityGrouping             0x0800313c   Section        0  stm32f1xx_hal_cortex.o(i.__NVIC_GetPriorityGrouping)
    __NVIC_GetPriorityGrouping               0x0800313d   Thumb Code    10  stm32f1xx_hal_cortex.o(i.__NVIC_GetPriorityGrouping)
    i.__NVIC_SetPriority                     0x0800314c   Section        0  stm32f1xx_hal_cortex.o(i.__NVIC_SetPriority)
    __NVIC_SetPriority                       0x0800314d   Thumb Code    32  stm32f1xx_hal_cortex.o(i.__NVIC_SetPriority)
    i.__aeabi_errno_addr                     0x08003174   Section        0  errno.o(i.__aeabi_errno_addr)
    i.__read_errno                           0x0800317c   Section        0  errno.o(i.__read_errno)
    i.__scatterload_copy                     0x08003188   Section       14  handlers.o(i.__scatterload_copy)
    i.__scatterload_null                     0x08003196   Section        2  handlers.o(i.__scatterload_null)
    i.__scatterload_zeroinit                 0x08003198   Section       14  handlers.o(i.__scatterload_zeroinit)
    i.__set_errno                            0x080031a8   Section        0  errno.o(i.__set_errno)
    i._fp_digits                             0x080031b4   Section        0  printfa.o(i._fp_digits)
    _fp_digits                               0x080031b5   Thumb Code   366  printfa.o(i._fp_digits)
    i._is_digit                              0x08003338   Section        0  scanf_fp.o(i._is_digit)
    i._printf_core                           0x08003348   Section        0  printfa.o(i._printf_core)
    _printf_core                             0x08003349   Thumb Code  1744  printfa.o(i._printf_core)
    i._printf_post_padding                   0x08003a24   Section        0  printfa.o(i._printf_post_padding)
    _printf_post_padding                     0x08003a25   Thumb Code    36  printfa.o(i._printf_post_padding)
    i._printf_pre_padding                    0x08003a48   Section        0  printfa.o(i._printf_pre_padding)
    _printf_pre_padding                      0x08003a49   Thumb Code    46  printfa.o(i._printf_pre_padding)
    i._snputc                                0x08003a76   Section        0  printfa.o(i._snputc)
    _snputc                                  0x08003a77   Thumb Code    22  printfa.o(i._snputc)
    i._sputc                                 0x08003a8c   Section        0  printfa.o(i._sputc)
    _sputc                                   0x08003a8d   Thumb Code    10  printfa.o(i._sputc)
    i.atof                                   0x08003a96   Section        0  atof.o(i.atof)
    i.flash_led                              0x08003ac0   Section        0  my_functions.o(i.flash_led)
    i.foult_handler                          0x08003af8   Section        0  my_functions.o(i.foult_handler)
    i.fputc                                  0x08003b78   Section        0  retarget_io.o(i.fputc)
    i.get_RTC_str                            0x08003ba8   Section        0  my_functions.o(i.get_RTC_str)
    i.get_gps_str                            0x08003c18   Section        0  main.o(i.get_gps_str)
    i.hard_fault_handler_c                   0x08003c84   Section        0  my_asm.o(i.hard_fault_handler_c)
    __tagsym$$used                           0x08003c85   Number         0  my_asm.o(i.hard_fault_handler_c)
    i.main                                   0x08003de0   Section        0  main.o(i.main)
    i.makeFreeRtosPriority                   0x08003e90   Section        0  cmsis_os.o(i.makeFreeRtosPriority)
    makeFreeRtosPriority                     0x08003e91   Thumb Code    14  cmsis_os.o(i.makeFreeRtosPriority)
    i.make_array_of_coordinate               0x08003ea0   Section        0  my_functions.o(i.make_array_of_coordinate)
    i.osDelay                                0x0800405c   Section        0  cmsis_os.o(i.osDelay)
    i.osKernelStart                          0x08004074   Section        0  cmsis_os.o(i.osKernelStart)
    i.osMessageCreate                        0x0800407e   Section        0  cmsis_os.o(i.osMessageCreate)
    i.osThreadCreate                         0x080040a6   Section        0  cmsis_os.o(i.osThreadCreate)
    i.prvAddCurrentTaskToDelayedList         0x08004104   Section        0  tasks.o(i.prvAddCurrentTaskToDelayedList)
    prvAddCurrentTaskToDelayedList           0x08004105   Thumb Code   124  tasks.o(i.prvAddCurrentTaskToDelayedList)
    i.prvAddNewTaskToReadyList               0x0800419c   Section        0  tasks.o(i.prvAddNewTaskToReadyList)
    prvAddNewTaskToReadyList                 0x0800419d   Thumb Code   150  tasks.o(i.prvAddNewTaskToReadyList)
    i.prvCheckTasksWaitingTermination        0x08004250   Section        0  tasks.o(i.prvCheckTasksWaitingTermination)
    prvCheckTasksWaitingTermination          0x08004251   Thumb Code    60  tasks.o(i.prvCheckTasksWaitingTermination)
    i.prvCopyDataFromQueue                   0x08004298   Section        0  queue.o(i.prvCopyDataFromQueue)
    prvCopyDataFromQueue                     0x08004299   Thumb Code    42  queue.o(i.prvCopyDataFromQueue)
    i.prvCopyDataToQueue                     0x080042c2   Section        0  queue.o(i.prvCopyDataToQueue)
    prvCopyDataToQueue                       0x080042c3   Thumb Code   124  queue.o(i.prvCopyDataToQueue)
    i.prvDeleteTCB                           0x0800433e   Section        0  tasks.o(i.prvDeleteTCB)
    prvDeleteTCB                             0x0800433f   Thumb Code    80  tasks.o(i.prvDeleteTCB)
    i.prvHeapInit                            0x08004390   Section        0  heap_4.o(i.prvHeapInit)
    prvHeapInit                              0x08004391   Thumb Code    98  heap_4.o(i.prvHeapInit)
    i.prvIdleTask                            0x0800440c   Section        0  tasks.o(i.prvIdleTask)
    prvIdleTask                              0x0800440d   Thumb Code    32  tasks.o(i.prvIdleTask)
    i.prvInitialiseNewQueue                  0x08004434   Section        0  queue.o(i.prvInitialiseNewQueue)
    prvInitialiseNewQueue                    0x08004435   Thumb Code    38  queue.o(i.prvInitialiseNewQueue)
    i.prvInitialiseNewTask                   0x0800445a   Section        0  tasks.o(i.prvInitialiseNewTask)
    prvInitialiseNewTask                     0x0800445b   Thumb Code   170  tasks.o(i.prvInitialiseNewTask)
    i.prvInitialiseTaskLists                 0x08004504   Section        0  tasks.o(i.prvInitialiseTaskLists)
    prvInitialiseTaskLists                   0x08004505   Thumb Code    70  tasks.o(i.prvInitialiseTaskLists)
    i.prvInsertBlockIntoFreeList             0x0800456c   Section        0  heap_4.o(i.prvInsertBlockIntoFreeList)
    prvInsertBlockIntoFreeList               0x0800456d   Thumb Code    96  heap_4.o(i.prvInsertBlockIntoFreeList)
    i.prvIsQueueEmpty                        0x080045d4   Section        0  queue.o(i.prvIsQueueEmpty)
    prvIsQueueEmpty                          0x080045d5   Thumb Code    26  queue.o(i.prvIsQueueEmpty)
    i.prvIsQueueFull                         0x080045ee   Section        0  queue.o(i.prvIsQueueFull)
    prvIsQueueFull                           0x080045ef   Thumb Code    30  queue.o(i.prvIsQueueFull)
    i.prvResetNextTaskUnblockTime            0x0800460c   Section        0  tasks.o(i.prvResetNextTaskUnblockTime)
    prvResetNextTaskUnblockTime              0x0800460d   Thumb Code    42  tasks.o(i.prvResetNextTaskUnblockTime)
    i.prvTaskExitError                       0x08004640   Section        0  port.o(i.prvTaskExitError)
    prvTaskExitError                         0x08004641   Thumb Code    60  port.o(i.prvTaskExitError)
    i.prvTaskIsTaskSuspended                 0x08004680   Section        0  tasks.o(i.prvTaskIsTaskSuspended)
    prvTaskIsTaskSuspended                   0x08004681   Thumb Code    80  tasks.o(i.prvTaskIsTaskSuspended)
    i.prvUnlockQueue                         0x080046d8   Section        0  queue.o(i.prvUnlockQueue)
    prvUnlockQueue                           0x080046d9   Thumb Code   126  queue.o(i.prvUnlockQueue)
    i.pvPortMalloc                           0x08004758   Section        0  heap_4.o(i.pvPortMalloc)
    i.pxPortInitialiseStack                  0x08004894   Section        0  port.o(i.pxPortInitialiseStack)
    i.send_message                           0x080048b8   Section        0  my_functions.o(i.send_message)
    i.set_RTC                                0x08004a10   Section        0  my_functions.o(i.set_RTC)
    i.sim800l_send                           0x08004b38   Section        0  main.o(i.sim800l_send)
    i.stderr_putchar                         0x08004c14   Section        0  retarget_io.o(i.stderr_putchar)
    stderr_putchar                           0x08004c15   Thumb Code    12  retarget_io.o(i.stderr_putchar)
    i.stdout_putchar                         0x08004c20   Section        0  retarget_io.o(i.stdout_putchar)
    stdout_putchar                           0x08004c21   Thumb Code    12  retarget_io.o(i.stdout_putchar)
    i.uxListRemove                           0x08004c2c   Section        0  list.o(i.uxListRemove)
    i.vApplicationGetIdleTaskMemory          0x08004c54   Section        0  freertos.o(i.vApplicationGetIdleTaskMemory)
    i.vListInitialise                        0x08004c6c   Section        0  list.o(i.vListInitialise)
    i.vListInitialiseItem                    0x08004c86   Section        0  list.o(i.vListInitialiseItem)
    i.vListInsert                            0x08004c8c   Section        0  list.o(i.vListInsert)
    i.vListInsertEnd                         0x08004cc0   Section        0  list.o(i.vListInsertEnd)
    i.vPortEnterCritical                     0x08004cd8   Section        0  port.o(i.vPortEnterCritical)
    i.vPortExitCritical                      0x08004d2c   Section        0  port.o(i.vPortExitCritical)
    i.vPortFree                              0x08004d68   Section        0  heap_4.o(i.vPortFree)
    i.vPortSetupTimerInterrupt               0x08004dfc   Section        0  port.o(i.vPortSetupTimerInterrupt)
    i.vTaskDelay                             0x08004e24   Section        0  tasks.o(i.vTaskDelay)
    i.vTaskInternalSetTimeOutState           0x08004e80   Section        0  tasks.o(i.vTaskInternalSetTimeOutState)
    i.vTaskMissedYield                       0x08004e98   Section        0  tasks.o(i.vTaskMissedYield)
    i.vTaskPlaceOnEventList                  0x08004ea4   Section        0  tasks.o(i.vTaskPlaceOnEventList)
    i.vTaskResume                            0x08004edc   Section        0  tasks.o(i.vTaskResume)
    i.vTaskStartScheduler                    0x08004f6c   Section        0  tasks.o(i.vTaskStartScheduler)
    i.vTaskSuspend                           0x0800501c   Section        0  tasks.o(i.vTaskSuspend)
    i.vTaskSuspendAll                        0x08005110   Section        0  tasks.o(i.vTaskSuspendAll)
    i.vTaskSwitchContext                     0x08005120   Section        0  tasks.o(i.vTaskSwitchContext)
    i.xPortStartScheduler                    0x080051ac   Section        0  port.o(i.xPortStartScheduler)
    i.xQueueGenericCreate                    0x080052a4   Section        0  queue.o(i.xQueueGenericCreate)
    i.xQueueGenericCreateStatic              0x08005302   Section        0  queue.o(i.xQueueGenericCreateStatic)
    i.xQueueGenericReset                     0x080053e0   Section        0  queue.o(i.xQueueGenericReset)
    i.xQueueGenericSend                      0x08005478   Section        0  queue.o(i.xQueueGenericSend)
    i.xQueueReceive                          0x08005620   Section        0  queue.o(i.xQueueReceive)
    i.xTaskCheckForTimeOut                   0x08005788   Section        0  tasks.o(i.xTaskCheckForTimeOut)
    i.xTaskCreate                            0x08005814   Section        0  tasks.o(i.xTaskCreate)
    i.xTaskCreateStatic                      0x08005878   Section        0  tasks.o(i.xTaskCreateStatic)
    i.xTaskGetSchedulerState                 0x08005930   Section        0  tasks.o(i.xTaskGetSchedulerState)
    i.xTaskIncrementTick                     0x08005950   Section        0  tasks.o(i.xTaskIncrementTick)
    i.xTaskPriorityDisinherit                0x08005a98   Section        0  tasks.o(i.xTaskPriorityDisinherit)
    i.xTaskRemoveFromEventList               0x08005b60   Section        0  tasks.o(i.xTaskRemoveFromEventList)
    i.xTaskResumeAll                         0x08005bf8   Section        0  tasks.o(i.xTaskResumeAll)
    .constdata                               0x08005cfc   Section      100  main.o(.constdata)
    .constdata                               0x08005d60   Section       24  system_stm32f1xx.o(.constdata)
    .constdata                               0x08005d78   Section      129  ctype_o.o(.constdata)
    .constdata                               0x08005dfc   Section        4  ctype_o.o(.constdata)
    table                                    0x08005dfc   Data           4  ctype_o.o(.constdata)
    .conststring                             0x08005e00   Section       80  my_functions.o(.conststring)
    .conststring                             0x08005e50   Section       24  main.o(.conststring)
    .data                                    0x20000000   Section       16  main.o(.data)
    .data                                    0x20000010   Section        9  stm32f1xx_hal.o(.data)
    .data                                    0x2000001c   Section        4  system_stm32f1xx.o(.data)
    .data                                    0x20000020   Section       60  tasks.o(.data)
    pxDelayedTaskList                        0x20000024   Data           4  tasks.o(.data)
    pxOverflowDelayedTaskList                0x20000028   Data           4  tasks.o(.data)
    uxDeletedTasksWaitingCleanUp             0x2000002c   Data           4  tasks.o(.data)
    uxCurrentNumberOfTasks                   0x20000030   Data           4  tasks.o(.data)
    xTickCount                               0x20000034   Data           4  tasks.o(.data)
    uxTopReadyPriority                       0x20000038   Data           4  tasks.o(.data)
    xSchedulerRunning                        0x2000003c   Data           4  tasks.o(.data)
    uxPendedTicks                            0x20000040   Data           4  tasks.o(.data)
    xYieldPending                            0x20000044   Data           4  tasks.o(.data)
    xNumOfOverflows                          0x20000048   Data           4  tasks.o(.data)
    uxTaskNumber                             0x2000004c   Data           4  tasks.o(.data)
    xNextTaskUnblockTime                     0x20000050   Data           4  tasks.o(.data)
    xIdleTaskHandle                          0x20000054   Data           4  tasks.o(.data)
    uxSchedulerSuspended                     0x20000058   Data           4  tasks.o(.data)
    .data                                    0x2000005c   Section       24  heap_4.o(.data)
    xStart                                   0x2000005c   Data           8  heap_4.o(.data)
    pxEnd                                    0x20000064   Data           4  heap_4.o(.data)
    xFreeBytesRemaining                      0x20000068   Data           4  heap_4.o(.data)
    xMinimumEverFreeBytesRemaining           0x2000006c   Data           4  heap_4.o(.data)
    xBlockAllocatedBit                       0x20000070   Data           4  heap_4.o(.data)
    .data                                    0x20000074   Section       12  port.o(.data)
    uxCriticalNesting                        0x20000074   Data           4  port.o(.data)
    ucMaxSysCallPriority                     0x20000078   Data           1  port.o(.data)
    ulMaxPRIGROUPValue                       0x2000007c   Data           4  port.o(.data)
    .data                                    0x20000080   Section        4  stdout.o(.data)
    .data                                    0x20000084   Section        4  stderr.o(.data)
    .data                                    0x20000088   Section        4  errno.o(.data)
    _errno                                   0x20000088   Data           4  errno.o(.data)
    .bss                                     0x2000008c   Section       67  my_functions.o(.bss)
    crdnt                                    0x2000008c   Data          48  my_functions.o(.bss)
    str                                      0x200000bc   Data          19  my_functions.o(.bss)
    .bss                                     0x200000d0   Section      148  main.o(.bss)
    .bss                                     0x20000164   Section      596  freertos.o(.bss)
    xIdleTaskTCBBuffer                       0x20000164   Data          84  freertos.o(.bss)
    xIdleStack                               0x200001b8   Data         512  freertos.o(.bss)
    .bss                                     0x200003b8   Section       64  stm32f1xx_hal_timebase_tim.o(.bss)
    .bss                                     0x200003f8   Section      240  tasks.o(.bss)
    pxReadyTasksLists                        0x200003f8   Data         140  tasks.o(.bss)
    xDelayedTaskList1                        0x20000484   Data          20  tasks.o(.bss)
    xDelayedTaskList2                        0x20000498   Data          20  tasks.o(.bss)
    xPendingReadyList                        0x200004ac   Data          20  tasks.o(.bss)
    xTasksWaitingTermination                 0x200004c0   Data          20  tasks.o(.bss)
    xSuspendedTaskList                       0x200004d4   Data          20  tasks.o(.bss)
    .bss                                     0x200004e8   Section    10000  heap_4.o(.bss)
    ucHeap                                   0x200004e8   Data       10000  heap_4.o(.bss)
    STACK                                    0x20002bf8   Section     1024  startup_stm32f103xb.o(STACK)

    Global Symbols

    Symbol Name                              Value     Ov Type        Size  Object(Section)

    BuildAttributes$$THM_ISAv4$P$D$K$B$S$PE$A:L22UL41UL21$X:L11$S22US41US21$IEEE1$IW$USESV6$~STKCKD$USESV7$~SHL$OTIME$ROPI$IEEEJ$EBA8$MICROLIB$REQ8$PRES8$EABIv2 0x00000000   Number         0  anon$$obj.o ABSOLUTE
    __ARM_use_no_argv                        0x00000000   Number         0  main.o ABSOLUTE
    _printf_a                                0x00000000   Number         0  stubs.o ABSOLUTE
    _printf_c                                0x00000000   Number         0  stubs.o ABSOLUTE
    _printf_charcount                        0x00000000   Number         0  stubs.o ABSOLUTE
    _printf_d                                0x00000000   Number         0  stubs.o ABSOLUTE
    _printf_e                                0x00000000   Number         0  stubs.o ABSOLUTE
    _printf_f                                0x00000000   Number         0  stubs.o ABSOLUTE
    _printf_flags                            0x00000000   Number         0  stubs.o ABSOLUTE
    _printf_fp_dec                           0x00000000   Number         0  stubs.o ABSOLUTE
    _printf_fp_hex                           0x00000000   Number         0  stubs.o ABSOLUTE
    _printf_g                                0x00000000   Number         0  stubs.o ABSOLUTE
    _printf_i                                0x00000000   Number         0  stubs.o ABSOLUTE
    _printf_int_dec                          0x00000000   Number         0  stubs.o ABSOLUTE
    _printf_l                                0x00000000   Number         0  stubs.o ABSOLUTE
    _printf_lc                               0x00000000   Number         0  stubs.o ABSOLUTE
    _printf_ll                               0x00000000   Number         0  stubs.o ABSOLUTE
    _printf_lld                              0x00000000   Number         0  stubs.o ABSOLUTE
    _printf_lli                              0x00000000   Number         0  stubs.o ABSOLUTE
    _printf_llo                              0x00000000   Number         0  stubs.o ABSOLUTE
    _printf_llu                              0x00000000   Number         0  stubs.o ABSOLUTE
    _printf_llx                              0x00000000   Number         0  stubs.o ABSOLUTE
    _printf_longlong_dec                     0x00000000   Number         0  stubs.o ABSOLUTE
    _printf_longlong_hex                     0x00000000   Number         0  stubs.o ABSOLUTE
    _printf_longlong_oct                     0x00000000   Number         0  stubs.o ABSOLUTE
    _printf_ls                               0x00000000   Number         0  stubs.o ABSOLUTE
    _printf_mbtowc                           0x00000000   Number         0  stubs.o ABSOLUTE
    _printf_n                                0x00000000   Number         0  stubs.o ABSOLUTE
    _printf_o                                0x00000000   Number         0  stubs.o ABSOLUTE
    _printf_p                                0x00000000   Number         0  stubs.o ABSOLUTE
    _printf_percent                          0x00000000   Number         0  stubs.o ABSOLUTE
    _printf_pre_padding                      0x00000000   Number         0  stubs.o ABSOLUTE
    _printf_return_value                     0x00000000   Number         0  stubs.o ABSOLUTE
    _printf_s                                0x00000000   Number         0  stubs.o ABSOLUTE
    _printf_sizespec                         0x00000000   Number         0  stubs.o ABSOLUTE
    _printf_str                              0x00000000   Number         0  stubs.o ABSOLUTE
    _printf_truncate_signed                  0x00000000   Number         0  stubs.o ABSOLUTE
    _printf_truncate_unsigned                0x00000000   Number         0  stubs.o ABSOLUTE
    _printf_u                                0x00000000   Number         0  stubs.o ABSOLUTE
    _printf_wc                               0x00000000   Number         0  stubs.o ABSOLUTE
    _printf_wctomb                           0x00000000   Number         0  stubs.o ABSOLUTE
    _printf_widthprec                        0x00000000   Number         0  stubs.o ABSOLUTE
    _printf_x                                0x00000000   Number         0  stubs.o ABSOLUTE
    __cpp_initialize__aeabi_                  - Undefined Weak Reference
    __cxa_finalize                            - Undefined Weak Reference
    __decompress                              - Undefined Weak Reference
    _clock_init                               - Undefined Weak Reference
    _microlib_exit                            - Undefined Weak Reference
    __Vectors_Size                           0x000000ec   Number         0  startup_stm32f103xb.o ABSOLUTE
    __Vectors                                0x08000000   Data           4  startup_stm32f103xb.o(RESET)
    __Vectors_End                            0x080000ec   Data           0  startup_stm32f103xb.o(RESET)
    __main                                   0x080000ed   Thumb Code     0  entry.o(.ARM.Collect$$$$00000000)
    _main_stk                                0x080000ed   Thumb Code     0  entry2.o(.ARM.Collect$$$$00000001)
    _main_scatterload                        0x080000f1   Thumb Code     0  entry5.o(.ARM.Collect$$$$00000004)
    __main_after_scatterload                 0x080000f5   Thumb Code     0  entry5.o(.ARM.Collect$$$$00000004)
    _main_clock                              0x080000f5   Thumb Code     0  entry7b.o(.ARM.Collect$$$$00000008)
    _main_cpp_init                           0x080000f5   Thumb Code     0  entry8b.o(.ARM.Collect$$$$0000000A)
    _main_init                               0x080000f5   Thumb Code     0  entry9a.o(.ARM.Collect$$$$0000000B)
    __rt_final_cpp                           0x080000fd   Thumb Code     0  entry10a.o(.ARM.Collect$$$$0000000D)
    __rt_final_exit                          0x080000fd   Thumb Code     0  entry11a.o(.ARM.Collect$$$$0000000F)
    my_strcpy                                0x08000101   Thumb Code    14  my_asm.o(.emb_text)
    my_HardFault_Handler                     0x0800010f   Thumb Code    24  my_asm.o(.emb_text)
    SVC_Handler                              0x0800012d   Thumb Code    32  port.o(.emb_text)
    __asm___6_port_c_39a90d8d__prvStartFirstTask 0x08000151   Thumb Code    28  port.o(.emb_text)
    PendSV_Handler                           0x08000171   Thumb Code    72  port.o(.emb_text)
    vPortGetIPSR                             0x080001bd   Thumb Code     6  port.o(.emb_text)
    Reset_Handler                            0x080001c5   Thumb Code     8  startup_stm32f103xb.o(.text)
    ADC1_2_IRQHandler                        0x080001df   Thumb Code     0  startup_stm32f103xb.o(.text)
    CAN1_RX1_IRQHandler                      0x080001df   Thumb Code     0  startup_stm32f103xb.o(.text)
    CAN1_SCE_IRQHandler                      0x080001df   Thumb Code     0  startup_stm32f103xb.o(.text)
    DMA1_Channel1_IRQHandler                 0x080001df   Thumb Code     0  startup_stm32f103xb.o(.text)
    DMA1_Channel2_IRQHandler                 0x080001df   Thumb Code     0  startup_stm32f103xb.o(.text)
    DMA1_Channel3_IRQHandler                 0x080001df   Thumb Code     0  startup_stm32f103xb.o(.text)
    DMA1_Channel4_IRQHandler                 0x080001df   Thumb Code     0  startup_stm32f103xb.o(.text)
    DMA1_Channel5_IRQHandler                 0x080001df   Thumb Code     0  startup_stm32f103xb.o(.text)
    DMA1_Channel6_IRQHandler                 0x080001df   Thumb Code     0  startup_stm32f103xb.o(.text)
    DMA1_Channel7_IRQHandler                 0x080001df   Thumb Code     0  startup_stm32f103xb.o(.text)
    EXTI0_IRQHandler                         0x080001df   Thumb Code     0  startup_stm32f103xb.o(.text)
    EXTI15_10_IRQHandler                     0x080001df   Thumb Code     0  startup_stm32f103xb.o(.text)
    EXTI1_IRQHandler                         0x080001df   Thumb Code     0  startup_stm32f103xb.o(.text)
    EXTI2_IRQHandler                         0x080001df   Thumb Code     0  startup_stm32f103xb.o(.text)
    EXTI3_IRQHandler                         0x080001df   Thumb Code     0  startup_stm32f103xb.o(.text)
    EXTI4_IRQHandler                         0x080001df   Thumb Code     0  startup_stm32f103xb.o(.text)
    EXTI9_5_IRQHandler                       0x080001df   Thumb Code     0  startup_stm32f103xb.o(.text)
    FLASH_IRQHandler                         0x080001df   Thumb Code     0  startup_stm32f103xb.o(.text)
    I2C1_ER_IRQHandler                       0x080001df   Thumb Code     0  startup_stm32f103xb.o(.text)
    I2C1_EV_IRQHandler                       0x080001df   Thumb Code     0  startup_stm32f103xb.o(.text)
    I2C2_ER_IRQHandler                       0x080001df   Thumb Code     0  startup_stm32f103xb.o(.text)
    I2C2_EV_IRQHandler                       0x080001df   Thumb Code     0  startup_stm32f103xb.o(.text)
    PVD_IRQHandler                           0x080001df   Thumb Code     0  startup_stm32f103xb.o(.text)
    RCC_IRQHandler                           0x080001df   Thumb Code     0  startup_stm32f103xb.o(.text)
    RTC_Alarm_IRQHandler                     0x080001df   Thumb Code     0  startup_stm32f103xb.o(.text)
    RTC_IRQHandler                           0x080001df   Thumb Code     0  startup_stm32f103xb.o(.text)
    SPI1_IRQHandler                          0x080001df   Thumb Code     0  startup_stm32f103xb.o(.text)
    SPI2_IRQHandler                          0x080001df   Thumb Code     0  startup_stm32f103xb.o(.text)
    TAMPER_IRQHandler                        0x080001df   Thumb Code     0  startup_stm32f103xb.o(.text)
    TIM1_BRK_IRQHandler                      0x080001df   Thumb Code     0  startup_stm32f103xb.o(.text)
    TIM1_CC_IRQHandler                       0x080001df   Thumb Code     0  startup_stm32f103xb.o(.text)
    TIM1_TRG_COM_IRQHandler                  0x080001df   Thumb Code     0  startup_stm32f103xb.o(.text)
    TIM2_IRQHandler                          0x080001df   Thumb Code     0  startup_stm32f103xb.o(.text)
    TIM3_IRQHandler                          0x080001df   Thumb Code     0  startup_stm32f103xb.o(.text)
    TIM4_IRQHandler                          0x080001df   Thumb Code     0  startup_stm32f103xb.o(.text)
    USART1_IRQHandler                        0x080001df   Thumb Code     0  startup_stm32f103xb.o(.text)
    USART2_IRQHandler                        0x080001df   Thumb Code     0  startup_stm32f103xb.o(.text)
    USART3_IRQHandler                        0x080001df   Thumb Code     0  startup_stm32f103xb.o(.text)
    USBWakeUp_IRQHandler                     0x080001df   Thumb Code     0  startup_stm32f103xb.o(.text)
    USB_HP_CAN1_TX_IRQHandler                0x080001df   Thumb Code     0  startup_stm32f103xb.o(.text)
    USB_LP_CAN1_RX0_IRQHandler               0x080001df   Thumb Code     0  startup_stm32f103xb.o(.text)
    WWDG_IRQHandler                          0x080001df   Thumb Code     0  startup_stm32f103xb.o(.text)
    __aeabi_llsr                             0x080001e9   Thumb Code    32  llushr.o(.text)
    _ll_ushift_r                             0x080001e9   Thumb Code     0  llushr.o(.text)
    __aeabi_memcpy                           0x08000209   Thumb Code    36  memcpya.o(.text)
    __aeabi_memcpy4                          0x08000209   Thumb Code     0  memcpya.o(.text)
    __aeabi_memcpy8                          0x08000209   Thumb Code     0  memcpya.o(.text)
    __aeabi_memset                           0x0800022d   Thumb Code    14  memseta.o(.text)
    __aeabi_memset4                          0x0800022d   Thumb Code     0  memseta.o(.text)
    __aeabi_memset8                          0x0800022d   Thumb Code     0  memseta.o(.text)
    __aeabi_memclr                           0x0800023b   Thumb Code     4  memseta.o(.text)
    __aeabi_memclr4                          0x0800023b   Thumb Code     0  memseta.o(.text)
    __aeabi_memclr8                          0x0800023b   Thumb Code     0  memseta.o(.text)
    memset                                   0x0800023f   Thumb Code    18  memseta.o(.text)
    strstr                                   0x08000251   Thumb Code    36  strstr.o(.text)
    strchr                                   0x08000275   Thumb Code    20  strchr.o(.text)
    strlen                                   0x08000289   Thumb Code    14  strlen.o(.text)
    memchr                                   0x08000297   Thumb Code    20  memchr.o(.text)
    strncmp                                  0x080002ab   Thumb Code    30  strncmp.o(.text)
    atoi                                     0x080002c9   Thumb Code    26  atoi.o(.text)
    __aeabi_fadd                             0x080002e3   Thumb Code   164  fadd.o(.text)
    __aeabi_fsub                             0x08000387   Thumb Code     6  fadd.o(.text)
    __aeabi_frsub                            0x0800038d   Thumb Code     6  fadd.o(.text)
    __aeabi_ddiv                             0x08000393   Thumb Code   222  ddiv.o(.text)
    __aeabi_i2f                              0x08000471   Thumb Code    18  fflti.o(.text)
    __aeabi_f2d                              0x08000483   Thumb Code    38  f2d.o(.text)
    __aeabi_d2f                              0x080004a9   Thumb Code    56  d2f.o(.text)
    __aeabi_uidiv                            0x080004e1   Thumb Code     0  uidiv.o(.text)
    __aeabi_uidivmod                         0x080004e1   Thumb Code    44  uidiv.o(.text)
    __aeabi_uldivmod                         0x0800050d   Thumb Code    98  uldiv.o(.text)
    __strtod_int                             0x080005a7   Thumb Code    90  strtod.o(.text)
    strtol                                   0x0800060d   Thumb Code   112  strtol.o(.text)
    __I$use$fp                               0x0800067d   Thumb Code     0  iusefp.o(.text)
    _float_round                             0x0800067d   Thumb Code    18  fepilogue.o(.text)
    _float_epilogue                          0x0800068f   Thumb Code    92  fepilogue.o(.text)
    _double_round                            0x080006eb   Thumb Code    30  depilogue.o(.text)
    _double_epilogue                         0x08000709   Thumb Code   156  depilogue.o(.text)
    __aeabi_dadd                             0x080007a5   Thumb Code   322  dadd.o(.text)
    __aeabi_dsub                             0x080008e7   Thumb Code     6  dadd.o(.text)
    __aeabi_drsub                            0x080008ed   Thumb Code     6  dadd.o(.text)
    __aeabi_dmul                             0x080008f3   Thumb Code   228  dmul.o(.text)
    __aeabi_d2ulz                            0x080009d7   Thumb Code    48  dfixul.o(.text)
    __aeabi_cdrcmple                         0x08000a09   Thumb Code    48  cdrcmple.o(.text)
    __scatterload                            0x08000a39   Thumb Code    28  init.o(.text)
    __scatterload_rt2                        0x08000a39   Thumb Code     0  init.o(.text)
    __aeabi_llsl                             0x08000a5d   Thumb Code    30  llshl.o(.text)
    _ll_shift_l                              0x08000a5d   Thumb Code     0  llshl.o(.text)
    __aeabi_lasr                             0x08000a7b   Thumb Code    36  llsshr.o(.text)
    _ll_sshift_r                             0x08000a7b   Thumb Code     0  llsshr.o(.text)
    __rt_ctype_table                         0x08000aa1   Thumb Code     4  ctype_o.o(.text)
    isspace                                  0x08000aa9   Thumb Code    18  isspace_o.o(.text)
    _scanf_real                              0x08000be5   Thumb Code     0  scanf_fp.o(.text)
    _scanf_really_real                       0x08000be5   Thumb Code   556  scanf_fp.o(.text)
    _sgetc                                   0x08000e1d   Thumb Code    30  _sgetc.o(.text)
    _sbackspace                              0x08000e3b   Thumb Code    34  _sgetc.o(.text)
    _strtoul                                 0x08000e5d   Thumb Code   158  _strtoul.o(.text)
    _chval                                   0x08000efb   Thumb Code    28  _chval.o(.text)
    __aeabi_ul2d                             0x08000f17   Thumb Code    24  dfltul.o(.text)
    BusFault_Handler                         0x08000f2f   Thumb Code     4  stm32f1xx_it.o(i.BusFault_Handler)
    DebugMon_Handler                         0x08000f33   Thumb Code     2  stm32f1xx_it.o(i.DebugMon_Handler)
    Error_Handler                            0x08000f35   Thumb Code     2  main.o(i.Error_Handler)
    HAL_Delay                                0x08000f39   Thumb Code    36  stm32f1xx_hal.o(i.HAL_Delay)
    HAL_GPIO_Init                            0x08000f61   Thumb Code   766  stm32f1xx_hal_gpio.o(i.HAL_GPIO_Init)
    HAL_GPIO_WritePin                        0x08001281   Thumb Code    12  stm32f1xx_hal_gpio.o(i.HAL_GPIO_WritePin)
    HAL_GetTick                              0x0800128d   Thumb Code     6  stm32f1xx_hal.o(i.HAL_GetTick)
    HAL_IncTick                              0x08001299   Thumb Code    16  stm32f1xx_hal.o(i.HAL_IncTick)
    HAL_Init                                 0x080012b1   Thumb Code    34  stm32f1xx_hal.o(i.HAL_Init)
    HAL_InitTick                             0x080012d9   Thumb Code   118  stm32f1xx_hal_timebase_tim.o(i.HAL_InitTick)
    HAL_MspInit                              0x08001361   Thumb Code    86  stm32f1xx_hal_msp.o(i.HAL_MspInit)
    HAL_NVIC_EnableIRQ                       0x080013c1   Thumb Code    32  stm32f1xx_hal_cortex.o(i.HAL_NVIC_EnableIRQ)
    HAL_NVIC_SetPriority                     0x080013e1   Thumb Code   124  stm32f1xx_hal_cortex.o(i.HAL_NVIC_SetPriority)
    HAL_NVIC_SetPriorityGrouping             0x0800145d   Thumb Code    32  stm32f1xx_hal_cortex.o(i.HAL_NVIC_SetPriorityGrouping)
    HAL_PWR_EnableBkUpAccess                 0x08001485   Thumb Code     8  stm32f1xx_hal_pwr.o(i.HAL_PWR_EnableBkUpAccess)
    HAL_RCCEx_GetPeriphCLKFreq               0x08001491   Thumb Code   248  stm32f1xx_hal_rcc_ex.o(i.HAL_RCCEx_GetPeriphCLKFreq)
    HAL_RCCEx_PeriphCLKConfig                0x080015a9   Thumb Code   290  stm32f1xx_hal_rcc_ex.o(i.HAL_RCCEx_PeriphCLKConfig)
    HAL_RCC_ClockConfig                      0x080016d9   Thumb Code   376  stm32f1xx_hal_rcc.o(i.HAL_RCC_ClockConfig)
    HAL_RCC_GetClockConfig                   0x08001865   Thumb Code    58  stm32f1xx_hal_rcc.o(i.HAL_RCC_GetClockConfig)
    HAL_RCC_GetHCLKFreq                      0x080018a9   Thumb Code     6  stm32f1xx_hal_rcc.o(i.HAL_RCC_GetHCLKFreq)
    HAL_RCC_GetPCLK1Freq                     0x080018b5   Thumb Code    22  stm32f1xx_hal_rcc.o(i.HAL_RCC_GetPCLK1Freq)
    HAL_RCC_GetPCLK2Freq                     0x080018d5   Thumb Code    22  stm32f1xx_hal_rcc.o(i.HAL_RCC_GetPCLK2Freq)
    HAL_RCC_GetSysClockFreq                  0x080018f5   Thumb Code   116  stm32f1xx_hal_rcc.o(i.HAL_RCC_GetSysClockFreq)
    HAL_RCC_OscConfig                        0x08001989   Thumb Code  1114  stm32f1xx_hal_rcc.o(i.HAL_RCC_OscConfig)
    HAL_RTC_GetDate                          0x08001ded   Thumb Code    82  stm32f1xx_hal_rtc.o(i.HAL_RTC_GetDate)
    HAL_RTC_GetTime                          0x08001e3f   Thumb Code   260  stm32f1xx_hal_rtc.o(i.HAL_RTC_GetTime)
    HAL_RTC_Init                             0x08001f45   Thumb Code   202  stm32f1xx_hal_rtc.o(i.HAL_RTC_Init)
    HAL_RTC_MspInit                          0x08002015   Thumb Code    52  stm32f1xx_hal_msp.o(i.HAL_RTC_MspInit)
    HAL_RTC_SetDate                          0x08002055   Thumb Code   242  stm32f1xx_hal_rtc.o(i.HAL_RTC_SetDate)
    HAL_RTC_SetTime                          0x0800214d   Thumb Code   214  stm32f1xx_hal_rtc.o(i.HAL_RTC_SetTime)
    HAL_RTC_WaitForSynchro                   0x08002229   Thumb Code    64  stm32f1xx_hal_rtc.o(i.HAL_RTC_WaitForSynchro)
    HAL_TIMEx_BreakCallback                  0x08002269   Thumb Code     2  stm32f1xx_hal_tim_ex.o(i.HAL_TIMEx_BreakCallback)
    HAL_TIMEx_CommutCallback                 0x0800226b   Thumb Code     2  stm32f1xx_hal_tim_ex.o(i.HAL_TIMEx_CommutCallback)
    HAL_TIM_Base_Init                        0x0800226d   Thumb Code    52  stm32f1xx_hal_tim.o(i.HAL_TIM_Base_Init)
    HAL_TIM_Base_MspInit                     0x080022a1   Thumb Code     2  stm32f1xx_hal_tim.o(i.HAL_TIM_Base_MspInit)
    HAL_TIM_Base_Start_IT                    0x080022a3   Thumb Code    42  stm32f1xx_hal_tim.o(i.HAL_TIM_Base_Start_IT)
    HAL_TIM_IC_CaptureCallback               0x080022cd   Thumb Code     2  stm32f1xx_hal_tim.o(i.HAL_TIM_IC_CaptureCallback)
    HAL_TIM_IRQHandler                       0x080022cf   Thumb Code   406  stm32f1xx_hal_tim.o(i.HAL_TIM_IRQHandler)
    HAL_TIM_OC_DelayElapsedCallback          0x08002465   Thumb Code     2  stm32f1xx_hal_tim.o(i.HAL_TIM_OC_DelayElapsedCallback)
    HAL_TIM_PWM_PulseFinishedCallback        0x08002467   Thumb Code     2  stm32f1xx_hal_tim.o(i.HAL_TIM_PWM_PulseFinishedCallback)
    HAL_TIM_PeriodElapsedCallback            0x08002469   Thumb Code    18  main.o(i.HAL_TIM_PeriodElapsedCallback)
    HAL_TIM_TriggerCallback                  0x08002481   Thumb Code     2  stm32f1xx_hal_tim.o(i.HAL_TIM_TriggerCallback)
    HAL_UART_Init                            0x08002483   Thumb Code   114  stm32f1xx_hal_uart.o(i.HAL_UART_Init)
    HAL_UART_MspInit                         0x080024f5   Thumb Code   240  stm32f1xx_hal_msp.o(i.HAL_UART_MspInit)
    HAL_UART_Receive                         0x080025f9   Thumb Code   222  stm32f1xx_hal_uart.o(i.HAL_UART_Receive)
    HAL_UART_Transmit                        0x080026d7   Thumb Code   214  stm32f1xx_hal_uart.o(i.HAL_UART_Transmit)
    HardFault_Handler                        0x080027ad   Thumb Code     8  stm32f1xx_it.o(i.HardFault_Handler)
    ITM_SendChar                             0x080027b5   Thumb Code    42  retarget_io.o(i.ITM_SendChar)
    MemManage_Handler                        0x080029a1   Thumb Code     4  stm32f1xx_it.o(i.MemManage_Handler)
    NMI_Handler                              0x080029a5   Thumb Code     2  stm32f1xx_it.o(i.NMI_Handler)
    StartDefaultTask                         0x08002c89   Thumb Code    46  main.o(i.StartDefaultTask)
    SysTick_Handler                          0x08002ce1   Thumb Code    46  port.o(i.SysTick_Handler)
    SystemClock_Config                       0x08002d15   Thumb Code   134  main.o(i.SystemClock_Config)
    SystemInit                               0x08002d9d   Thumb Code    70  system_stm32f1xx.o(i.SystemInit)
    TIM1_UP_IRQHandler                       0x08002df5   Thumb Code    10  stm32f1xx_it.o(i.TIM1_UP_IRQHandler)
    TIM_Base_SetConfig                       0x08002e05   Thumb Code   104  stm32f1xx_hal_tim.o(i.TIM_Base_SetConfig)
    UART_Printf                              0x08002e79   Thumb Code    58  my_functions.o(i.UART_Printf)
    UsageFault_Handler                       0x080030c5   Thumb Code     4  stm32f1xx_it.o(i.UsageFault_Handler)
    __0printf                                0x080030c9   Thumb Code    22  printfa.o(i.__0printf)
    __1printf                                0x080030c9   Thumb Code     0  printfa.o(i.__0printf)
    __2printf                                0x080030c9   Thumb Code     0  printfa.o(i.__0printf)
    __c89printf                              0x080030c9   Thumb Code     0  printfa.o(i.__0printf)
    printf                                   0x080030c9   Thumb Code     0  printfa.o(i.__0printf)
    __0sprintf                               0x080030e9   Thumb Code    34  printfa.o(i.__0sprintf)
    __1sprintf                               0x080030e9   Thumb Code     0  printfa.o(i.__0sprintf)
    __2sprintf                               0x080030e9   Thumb Code     0  printfa.o(i.__0sprintf)
    __c89sprintf                             0x080030e9   Thumb Code     0  printfa.o(i.__0sprintf)
    sprintf                                  0x080030e9   Thumb Code     0  printfa.o(i.__0sprintf)
    __0vsnprintf                             0x08003111   Thumb Code    40  printfa.o(i.__0vsnprintf)
    __1vsnprintf                             0x08003111   Thumb Code     0  printfa.o(i.__0vsnprintf)
    __2vsnprintf                             0x08003111   Thumb Code     0  printfa.o(i.__0vsnprintf)
    __c89vsnprintf                           0x08003111   Thumb Code     0  printfa.o(i.__0vsnprintf)
    vsnprintf                                0x08003111   Thumb Code     0  printfa.o(i.__0vsnprintf)
    __aeabi_errno_addr                       0x08003175   Thumb Code     4  errno.o(i.__aeabi_errno_addr)
    __rt_errno_addr                          0x08003175   Thumb Code     0  errno.o(i.__aeabi_errno_addr)
    __read_errno                             0x0800317d   Thumb Code     6  errno.o(i.__read_errno)
    __scatterload_copy                       0x08003189   Thumb Code    14  handlers.o(i.__scatterload_copy)
    __scatterload_null                       0x08003197   Thumb Code     2  handlers.o(i.__scatterload_null)
    __scatterload_zeroinit                   0x08003199   Thumb Code    14  handlers.o(i.__scatterload_zeroinit)
    __set_errno                              0x080031a9   Thumb Code     6  errno.o(i.__set_errno)
    _is_digit                                0x08003339   Thumb Code    14  scanf_fp.o(i._is_digit)
    atof                                     0x08003a97   Thumb Code    42  atof.o(i.atof)
    flash_led                                0x08003ac1   Thumb Code    52  my_functions.o(i.flash_led)
    foult_handler                            0x08003af9   Thumb Code    68  my_functions.o(i.foult_handler)
    fputc                                    0x08003b79   Thumb Code    40  retarget_io.o(i.fputc)
    get_RTC_str                              0x08003ba9   Thumb Code    70  my_functions.o(i.get_RTC_str)
    get_gps_str                              0x08003c19   Thumb Code    60  main.o(i.get_gps_str)
    hard_fault_handler_c                     0x08003c85   Thumb Code   164  my_asm.o(i.hard_fault_handler_c)
    main                                     0x08003de1   Thumb Code   140  main.o(i.main)
    make_array_of_coordinate                 0x08003ea1   Thumb Code   396  my_functions.o(i.make_array_of_coordinate)
    osDelay                                  0x0800405d   Thumb Code    24  cmsis_os.o(i.osDelay)
    osKernelStart                            0x08004075   Thumb Code    10  cmsis_os.o(i.osKernelStart)
    osMessageCreate                          0x0800407f   Thumb Code    40  cmsis_os.o(i.osMessageCreate)
    osThreadCreate                           0x080040a7   Thumb Code    94  cmsis_os.o(i.osThreadCreate)
    pvPortMalloc                             0x08004759   Thumb Code   296  heap_4.o(i.pvPortMalloc)
    pxPortInitialiseStack                    0x08004895   Thumb Code    30  port.o(i.pxPortInitialiseStack)
    send_message                             0x080048b9   Thumb Code   134  my_functions.o(i.send_message)
    set_RTC                                  0x08004a11   Thumb Code   216  my_functions.o(i.set_RTC)
    sim800l_send                             0x08004b39   Thumb Code   114  main.o(i.sim800l_send)
    uxListRemove                             0x08004c2d   Thumb Code    40  list.o(i.uxListRemove)
    vApplicationGetIdleTaskMemory            0x08004c55   Thumb Code    14  freertos.o(i.vApplicationGetIdleTaskMemory)
    vListInitialise                          0x08004c6d   Thumb Code    26  list.o(i.vListInitialise)
    vListInitialiseItem                      0x08004c87   Thumb Code     6  list.o(i.vListInitialiseItem)
    vListInsert                              0x08004c8d   Thumb Code    52  list.o(i.vListInsert)
    vListInsertEnd                           0x08004cc1   Thumb Code    24  list.o(i.vListInsertEnd)
    vPortEnterCritical                       0x08004cd9   Thumb Code    76  port.o(i.vPortEnterCritical)
    vPortExitCritical                        0x08004d2d   Thumb Code    56  port.o(i.vPortExitCritical)
    vPortFree                                0x08004d69   Thumb Code   140  heap_4.o(i.vPortFree)
    vPortSetupTimerInterrupt                 0x08004dfd   Thumb Code    36  port.o(i.vPortSetupTimerInterrupt)
    vTaskDelay                               0x08004e25   Thumb Code    82  tasks.o(i.vTaskDelay)
    vTaskInternalSetTimeOutState             0x08004e81   Thumb Code    14  tasks.o(i.vTaskInternalSetTimeOutState)
    vTaskMissedYield                         0x08004e99   Thumb Code     8  tasks.o(i.vTaskMissedYield)
    vTaskPlaceOnEventList                    0x08004ea5   Thumb Code    52  tasks.o(i.vTaskPlaceOnEventList)
    vTaskResume                              0x08004edd   Thumb Code   128  tasks.o(i.vTaskResume)
    vTaskStartScheduler                      0x08004f6d   Thumb Code   146  tasks.o(i.vTaskStartScheduler)
    vTaskSuspend                             0x0800501d   Thumb Code   210  tasks.o(i.vTaskSuspend)
    vTaskSuspendAll                          0x08005111   Thumb Code    12  tasks.o(i.vTaskSuspendAll)
    vTaskSwitchContext                       0x08005121   Thumb Code   118  tasks.o(i.vTaskSwitchContext)
    xPortStartScheduler                      0x080051ad   Thumb Code   228  port.o(i.xPortStartScheduler)
    xQueueGenericCreate                      0x080052a5   Thumb Code    94  queue.o(i.xQueueGenericCreate)
    xQueueGenericCreateStatic                0x08005303   Thumb Code   222  queue.o(i.xQueueGenericCreateStatic)
    xQueueGenericReset                       0x080053e1   Thumb Code   146  queue.o(i.xQueueGenericReset)
    xQueueGenericSend                        0x08005479   Thumb Code   420  queue.o(i.xQueueGenericSend)
    xQueueReceive                            0x08005621   Thumb Code   356  queue.o(i.xQueueReceive)
    xTaskCheckForTimeOut                     0x08005789   Thumb Code   132  tasks.o(i.xTaskCheckForTimeOut)
    xTaskCreate                              0x08005815   Thumb Code   100  tasks.o(i.xTaskCreate)
    xTaskCreateStatic                        0x08005879   Thumb Code   184  tasks.o(i.xTaskCreateStatic)
    xTaskGetSchedulerState                   0x08005931   Thumb Code    24  tasks.o(i.xTaskGetSchedulerState)
    xTaskIncrementTick                       0x08005951   Thumb Code   282  tasks.o(i.xTaskIncrementTick)
    xTaskPriorityDisinherit                  0x08005a99   Thumb Code   188  tasks.o(i.xTaskPriorityDisinherit)
    xTaskRemoveFromEventList                 0x08005b61   Thumb Code   128  tasks.o(i.xTaskRemoveFromEventList)
    xTaskResumeAll                           0x08005bf9   Thumb Code   224  tasks.o(i.xTaskResumeAll)
    AHBPrescTable                            0x08005d60   Data          16  system_stm32f1xx.o(.constdata)
    APBPrescTable                            0x08005d70   Data           8  system_stm32f1xx.o(.constdata)
    __ctype_table                            0x08005d78   Data         129  ctype_o.o(.constdata)
    Region$$Table$$Base                      0x08005e68   Number         0  anon$$obj.o(Region$$Table)
    Region$$Table$$Limit                     0x08005e88   Number         0  anon$$obj.o(Region$$Table)
    defaultTaskHandle                        0x20000000   Data           4  main.o(.data)
    GPSHandle                                0x20000004   Data           4  main.o(.data)
    SIM800lHandle                            0x20000008   Data           4  main.o(.data)
    send_dateHandle                          0x2000000c   Data           4  main.o(.data)
    uwTick                                   0x20000010   Data           4  stm32f1xx_hal.o(.data)
    uwTickPrio                               0x20000014   Data           4  stm32f1xx_hal.o(.data)
    uwTickFreq                               0x20000018   Data           1  stm32f1xx_hal.o(.data)
    SystemCoreClock                          0x2000001c   Data           4  system_stm32f1xx.o(.data)
    pxCurrentTCB                             0x20000020   Data           4  tasks.o(.data)
    __stdout                                 0x20000080   Data           4  stdout.o(.data)
    __stderr                                 0x20000084   Data           4  stderr.o(.data)
    hrtc                                     0x200000d0   Data          20  main.o(.bss)
    huart1                                   0x200000e4   Data          64  main.o(.bss)
    huart3                                   0x20000124   Data          64  main.o(.bss)
    htim1                                    0x200003b8   Data          64  stm32f1xx_hal_timebase_tim.o(.bss)
    __initial_sp                             0x20002ff8   Data           0  startup_stm32f103xb.o(STACK)



==============================================================================

Memory Map of the image

  Image Entry point : 0x080000ed

  Load Region LR_IROM1 (Base: 0x08000000, Size: 0x00005f14, Max: 0x00010000, ABSOLUTE)

    Execution Region ER_IROM1 (Exec base: 0x08000000, Load base: 0x08000000, Size: 0x00005e88, Max: 0x00010000, ABSOLUTE)

    Exec Addr    Load Addr    Size         Type   Attr      Idx    E Section Name        Object

    0x08000000   0x08000000   0x000000ec   Data   RO            3    RESET               startup_stm32f103xb.o
    0x080000ec   0x080000ec   0x00000000   Code   RO         4543  * .ARM.Collect$$$$00000000  mc_w.l(entry.o)
    0x080000ec   0x080000ec   0x00000004   Code   RO         4846    .ARM.Collect$$$$00000001  mc_w.l(entry2.o)
    0x080000f0   0x080000f0   0x00000004   Code   RO         4849    .ARM.Collect$$$$00000004  mc_w.l(entry5.o)
    0x080000f4   0x080000f4   0x00000000   Code   RO         4851    .ARM.Collect$$$$00000008  mc_w.l(entry7b.o)
    0x080000f4   0x080000f4   0x00000000   Code   RO         4853    .ARM.Collect$$$$0000000A  mc_w.l(entry8b.o)
    0x080000f4   0x080000f4   0x00000008   Code   RO         4854    .ARM.Collect$$$$0000000B  mc_w.l(entry9a.o)
    0x080000fc   0x080000fc   0x00000000   Code   RO         4856    .ARM.Collect$$$$0000000D  mc_w.l(entry10a.o)
    0x080000fc   0x080000fc   0x00000000   Code   RO         4858    .ARM.Collect$$$$0000000F  mc_w.l(entry11a.o)
    0x080000fc   0x080000fc   0x00000004   Code   RO         4847    .ARM.Collect$$$$00002712  mc_w.l(entry2.o)
    0x08000100   0x08000100   0x0000002c   Code   RO          510    .emb_text           my_asm.o
    0x0800012c   0x0800012c   0x00000096   Code   RO         4379    .emb_text           port.o
    0x080001c2   0x080001c2   0x00000002   PAD
    0x080001c4   0x080001c4   0x00000024   Code   RO            4    .text               startup_stm32f103xb.o
    0x080001e8   0x080001e8   0x00000020   Code   RO         4553    .text               mc_w.l(llushr.o)
    0x08000208   0x08000208   0x00000024   Code   RO         4555    .text               mc_w.l(memcpya.o)
    0x0800022c   0x0800022c   0x00000024   Code   RO         4559    .text               mc_w.l(memseta.o)
    0x08000250   0x08000250   0x00000024   Code   RO         4561    .text               mc_w.l(strstr.o)
    0x08000274   0x08000274   0x00000014   Code   RO         4563    .text               mc_w.l(strchr.o)
    0x08000288   0x08000288   0x0000000e   Code   RO         4565    .text               mc_w.l(strlen.o)
    0x08000296   0x08000296   0x00000014   Code   RO         4567    .text               mc_w.l(memchr.o)
    0x080002aa   0x080002aa   0x0000001e   Code   RO         4569    .text               mc_w.l(strncmp.o)
    0x080002c8   0x080002c8   0x0000001a   Code   RO         4834    .text               mc_w.l(atoi.o)
    0x080002e2   0x080002e2   0x000000b0   Code   RO         4836    .text               mf_w.l(fadd.o)
    0x08000392   0x08000392   0x000000de   Code   RO         4838    .text               mf_w.l(ddiv.o)
    0x08000470   0x08000470   0x00000012   Code   RO         4840    .text               mf_w.l(fflti.o)
    0x08000482   0x08000482   0x00000026   Code   RO         4842    .text               mf_w.l(f2d.o)
    0x080004a8   0x080004a8   0x00000038   Code   RO         4844    .text               mf_w.l(d2f.o)
    0x080004e0   0x080004e0   0x0000002c   Code   RO         4860    .text               mc_w.l(uidiv.o)
    0x0800050c   0x0800050c   0x00000062   Code   RO         4862    .text               mc_w.l(uldiv.o)
    0x0800056e   0x0800056e   0x00000002   PAD
    0x08000570   0x08000570   0x0000009c   Code   RO         4871    .text               mc_w.l(strtod.o)
    0x0800060c   0x0800060c   0x00000070   Code   RO         4873    .text               mc_w.l(strtol.o)
    0x0800067c   0x0800067c   0x00000000   Code   RO         4875    .text               mc_w.l(iusefp.o)
    0x0800067c   0x0800067c   0x0000006e   Code   RO         4876    .text               mf_w.l(fepilogue.o)
    0x080006ea   0x080006ea   0x000000ba   Code   RO         4878    .text               mf_w.l(depilogue.o)
    0x080007a4   0x080007a4   0x0000014e   Code   RO         4880    .text               mf_w.l(dadd.o)
    0x080008f2   0x080008f2   0x000000e4   Code   RO         4882    .text               mf_w.l(dmul.o)
    0x080009d6   0x080009d6   0x00000030   Code   RO         4884    .text               mf_w.l(dfixul.o)
    0x08000a06   0x08000a06   0x00000002   PAD
    0x08000a08   0x08000a08   0x00000030   Code   RO         4886    .text               mf_w.l(cdrcmple.o)
    0x08000a38   0x08000a38   0x00000024   Code   RO         4888    .text               mc_w.l(init.o)
    0x08000a5c   0x08000a5c   0x0000001e   Code   RO         4890    .text               mc_w.l(llshl.o)
    0x08000a7a   0x08000a7a   0x00000024   Code   RO         4892    .text               mc_w.l(llsshr.o)
    0x08000a9e   0x08000a9e   0x00000002   PAD
    0x08000aa0   0x08000aa0   0x00000008   Code   RO         4896    .text               mc_w.l(ctype_o.o)
    0x08000aa8   0x08000aa8   0x00000012   Code   RO         4918    .text               mc_w.l(isspace_o.o)
    0x08000aba   0x08000aba   0x00000002   PAD
    0x08000abc   0x08000abc   0x00000360   Code   RO         4924    .text               mc_w.l(scanf_fp.o)
    0x08000e1c   0x08000e1c   0x00000040   Code   RO         4928    .text               mc_w.l(_sgetc.o)
    0x08000e5c   0x08000e5c   0x0000009e   Code   RO         4930    .text               mc_w.l(_strtoul.o)
    0x08000efa   0x08000efa   0x0000001c   Code   RO         4935    .text               mc_w.l(_chval.o)
    0x08000f16   0x08000f16   0x00000018   Code   RO         4937    .text               mf_w.l(dfltul.o)
    0x08000f2e   0x08000f2e   0x00000004   Code   RO          359    i.BusFault_Handler  stm32f1xx_it.o
    0x08000f32   0x08000f32   0x00000002   Code   RO          360    i.DebugMon_Handler  stm32f1xx_it.o
    0x08000f34   0x08000f34   0x00000002   Code   RO          232    i.Error_Handler     main.o
    0x08000f36   0x08000f36   0x00000002   PAD
    0x08000f38   0x08000f38   0x00000028   Code   RO          588    i.HAL_Delay         stm32f1xx_hal.o
    0x08000f60   0x08000f60   0x00000320   Code   RO          901    i.HAL_GPIO_Init     stm32f1xx_hal_gpio.o
    0x08001280   0x08001280   0x0000000c   Code   RO          905    i.HAL_GPIO_WritePin  stm32f1xx_hal_gpio.o
    0x0800128c   0x0800128c   0x0000000c   Code   RO          592    i.HAL_GetTick       stm32f1xx_hal.o
    0x08001298   0x08001298   0x00000018   Code   RO          598    i.HAL_IncTick       stm32f1xx_hal.o
    0x080012b0   0x080012b0   0x00000028   Code   RO          599    i.HAL_Init          stm32f1xx_hal.o
    0x080012d8   0x080012d8   0x00000088   Code   RO          471    i.HAL_InitTick      stm32f1xx_hal_timebase_tim.o
    0x08001360   0x08001360   0x00000060   Code   RO          423    i.HAL_MspInit       stm32f1xx_hal_msp.o
    0x080013c0   0x080013c0   0x00000020   Code   RO         1061    i.HAL_NVIC_EnableIRQ  stm32f1xx_hal_cortex.o
    0x080013e0   0x080013e0   0x0000007c   Code   RO         1067    i.HAL_NVIC_SetPriority  stm32f1xx_hal_cortex.o
    0x0800145c   0x0800145c   0x00000028   Code   RO         1068    i.HAL_NVIC_SetPriorityGrouping  stm32f1xx_hal_cortex.o
    0x08001484   0x08001484   0x0000000c   Code   RO         1188    i.HAL_PWR_EnableBkUpAccess  stm32f1xx_hal_pwr.o
    0x08001490   0x08001490   0x00000118   Code   RO          863    i.HAL_RCCEx_GetPeriphCLKFreq  stm32f1xx_hal_rcc_ex.o
    0x080015a8   0x080015a8   0x00000130   Code   RO          864    i.HAL_RCCEx_PeriphCLKConfig  stm32f1xx_hal_rcc_ex.o
    0x080016d8   0x080016d8   0x0000018c   Code   RO          756    i.HAL_RCC_ClockConfig  stm32f1xx_hal_rcc.o
    0x08001864   0x08001864   0x00000044   Code   RO          760    i.HAL_RCC_GetClockConfig  stm32f1xx_hal_rcc.o
    0x080018a8   0x080018a8   0x0000000c   Code   RO          761    i.HAL_RCC_GetHCLKFreq  stm32f1xx_hal_rcc.o
    0x080018b4   0x080018b4   0x00000020   Code   RO          763    i.HAL_RCC_GetPCLK1Freq  stm32f1xx_hal_rcc.o
    0x080018d4   0x080018d4   0x00000020   Code   RO          764    i.HAL_RCC_GetPCLK2Freq  stm32f1xx_hal_rcc.o
    0x080018f4   0x080018f4   0x00000094   Code   RO          765    i.HAL_RCC_GetSysClockFreq  stm32f1xx_hal_rcc.o
    0x08001988   0x08001988   0x00000464   Code   RO          768    i.HAL_RCC_OscConfig  stm32f1xx_hal_rcc.o
    0x08001dec   0x08001dec   0x00000052   Code   RO         1592    i.HAL_RTC_GetDate   stm32f1xx_hal_rtc.o
    0x08001e3e   0x08001e3e   0x00000104   Code   RO         1594    i.HAL_RTC_GetTime   stm32f1xx_hal_rtc.o
    0x08001f42   0x08001f42   0x00000002   PAD
    0x08001f44   0x08001f44   0x000000d0   Code   RO         1595    i.HAL_RTC_Init      stm32f1xx_hal_rtc.o
    0x08002014   0x08002014   0x00000040   Code   RO          425    i.HAL_RTC_MspInit   stm32f1xx_hal_msp.o
    0x08002054   0x08002054   0x000000f8   Code   RO         1601    i.HAL_RTC_SetDate   stm32f1xx_hal_rtc.o
    0x0800214c   0x0800214c   0x000000dc   Code   RO         1602    i.HAL_RTC_SetTime   stm32f1xx_hal_rtc.o
    0x08002228   0x08002228   0x00000040   Code   RO         1603    i.HAL_RTC_WaitForSynchro  stm32f1xx_hal_rtc.o
    0x08002268   0x08002268   0x00000002   Code   RO         2552    i.HAL_TIMEx_BreakCallback  stm32f1xx_hal_tim_ex.o
    0x0800226a   0x0800226a   0x00000002   Code   RO         2553    i.HAL_TIMEx_CommutCallback  stm32f1xx_hal_tim_ex.o
    0x0800226c   0x0800226c   0x00000034   Code   RO         1866    i.HAL_TIM_Base_Init  stm32f1xx_hal_tim.o
    0x080022a0   0x080022a0   0x00000002   Code   RO         1868    i.HAL_TIM_Base_MspInit  stm32f1xx_hal_tim.o
    0x080022a2   0x080022a2   0x0000002a   Code   RO         1871    i.HAL_TIM_Base_Start_IT  stm32f1xx_hal_tim.o
    0x080022cc   0x080022cc   0x00000002   Code   RO         1895    i.HAL_TIM_IC_CaptureCallback  stm32f1xx_hal_tim.o
    0x080022ce   0x080022ce   0x00000196   Code   RO         1909    i.HAL_TIM_IRQHandler  stm32f1xx_hal_tim.o
    0x08002464   0x08002464   0x00000002   Code   RO         1912    i.HAL_TIM_OC_DelayElapsedCallback  stm32f1xx_hal_tim.o
    0x08002466   0x08002466   0x00000002   Code   RO         1939    i.HAL_TIM_PWM_PulseFinishedCallback  stm32f1xx_hal_tim.o
    0x08002468   0x08002468   0x00000018   Code   RO          233    i.HAL_TIM_PeriodElapsedCallback  main.o
    0x08002480   0x08002480   0x00000002   Code   RO         1952    i.HAL_TIM_TriggerCallback  stm32f1xx_hal_tim.o
    0x08002482   0x08002482   0x00000072   Code   RO         2828    i.HAL_UART_Init     stm32f1xx_hal_uart.o
    0x080024f4   0x080024f4   0x00000104   Code   RO          427    i.HAL_UART_MspInit  stm32f1xx_hal_msp.o
    0x080025f8   0x080025f8   0x000000de   Code   RO         2831    i.HAL_UART_Receive  stm32f1xx_hal_uart.o
    0x080026d6   0x080026d6   0x000000d6   Code   RO         2836    i.HAL_UART_Transmit  stm32f1xx_hal_uart.o
    0x080027ac   0x080027ac   0x00000008   Code   RO          361    i.HardFault_Handler  stm32f1xx_it.o
    0x080027b4   0x080027b4   0x00000030   Code   RO         4457    i.ITM_SendChar      retarget_io.o
    0x080027e4   0x080027e4   0x000000dc   Code   RO          234    i.MX_GPIO_Init      main.o
    0x080028c0   0x080028c0   0x00000070   Code   RO          235    i.MX_RTC_Init       main.o
    0x08002930   0x08002930   0x00000038   Code   RO          236    i.MX_USART1_UART_Init  main.o
    0x08002968   0x08002968   0x00000038   Code   RO          237    i.MX_USART3_UART_Init  main.o
    0x080029a0   0x080029a0   0x00000004   Code   RO          362    i.MemManage_Handler  stm32f1xx_it.o
    0x080029a4   0x080029a4   0x00000002   Code   RO          363    i.NMI_Handler       stm32f1xx_it.o
    0x080029a6   0x080029a6   0x00000002   PAD
    0x080029a8   0x080029a8   0x00000028   Code   RO          769    i.RCC_Delay         stm32f1xx_hal_rcc.o
    0x080029d0   0x080029d0   0x00000016   Code   RO         1604    i.RTC_Bcd2ToByte    stm32f1xx_hal_rtc.o
    0x080029e6   0x080029e6   0x0000001a   Code   RO         1605    i.RTC_ByteToBcd2    stm32f1xx_hal_rtc.o
    0x08002a00   0x08002a00   0x000000b6   Code   RO         1606    i.RTC_DateUpdate    stm32f1xx_hal_rtc.o
    0x08002ab6   0x08002ab6   0x0000003a   Code   RO         1607    i.RTC_EnterInitMode  stm32f1xx_hal_rtc.o
    0x08002af0   0x08002af0   0x0000003a   Code   RO         1608    i.RTC_ExitInitMode  stm32f1xx_hal_rtc.o
    0x08002b2a   0x08002b2a   0x00000032   Code   RO         1609    i.RTC_IsLeapYear    stm32f1xx_hal_rtc.o
    0x08002b5c   0x08002b5c   0x00000018   Code   RO         1610    i.RTC_ReadAlarmCounter  stm32f1xx_hal_rtc.o
    0x08002b74   0x08002b74   0x00000034   Code   RO         1611    i.RTC_ReadTimeCounter  stm32f1xx_hal_rtc.o
    0x08002ba8   0x08002ba8   0x00000084   Code   RO         1612    i.RTC_WeekDayNum    stm32f1xx_hal_rtc.o
    0x08002c2c   0x08002c2c   0x0000002e   Code   RO         1613    i.RTC_WriteAlarmCounter  stm32f1xx_hal_rtc.o
    0x08002c5a   0x08002c5a   0x0000002e   Code   RO         1614    i.RTC_WriteTimeCounter  stm32f1xx_hal_rtc.o
    0x08002c88   0x08002c88   0x00000058   Code   RO          238    i.StartDefaultTask  main.o
    0x08002ce0   0x08002ce0   0x00000034   Code   RO         4380    i.SysTick_Handler   port.o
    0x08002d14   0x08002d14   0x00000086   Code   RO          239    i.SystemClock_Config  main.o
    0x08002d9a   0x08002d9a   0x00000002   PAD
    0x08002d9c   0x08002d9c   0x00000058   Code   RO         3135    i.SystemInit        system_stm32f1xx.o
    0x08002df4   0x08002df4   0x00000010   Code   RO          364    i.TIM1_UP_IRQHandler  stm32f1xx_it.o
    0x08002e04   0x08002e04   0x00000074   Code   RO         1954    i.TIM_Base_SetConfig  stm32f1xx_hal_tim.o
    0x08002e78   0x08002e78   0x00000040   Code   RO           13    i.UART_Printf       my_functions.o
    0x08002eb8   0x08002eb8   0x000001a0   Code   RO         2855    i.UART_SetConfig    stm32f1xx_hal_uart.o
    0x08003058   0x08003058   0x0000006c   Code   RO         2857    i.UART_WaitOnFlagUntilTimeout  stm32f1xx_hal_uart.o
    0x080030c4   0x080030c4   0x00000004   Code   RO          365    i.UsageFault_Handler  stm32f1xx_it.o
    0x080030c8   0x080030c8   0x00000020   Code   RO         4806    i.__0printf         mc_w.l(printfa.o)
    0x080030e8   0x080030e8   0x00000028   Code   RO         4808    i.__0sprintf        mc_w.l(printfa.o)
    0x08003110   0x08003110   0x0000002c   Code   RO         4811    i.__0vsnprintf      mc_w.l(printfa.o)
    0x0800313c   0x0800313c   0x00000010   Code   RO         1074    i.__NVIC_GetPriorityGrouping  stm32f1xx_hal_cortex.o
    0x0800314c   0x0800314c   0x00000028   Code   RO         1075    i.__NVIC_SetPriority  stm32f1xx_hal_cortex.o
    0x08003174   0x08003174   0x00000008   Code   RO         4864    i.__aeabi_errno_addr  mc_w.l(errno.o)
    0x0800317c   0x0800317c   0x0000000c   Code   RO         4865    i.__read_errno      mc_w.l(errno.o)
    0x08003188   0x08003188   0x0000000e   Code   RO         4941    i.__scatterload_copy  mc_w.l(handlers.o)
    0x08003196   0x08003196   0x00000002   Code   RO         4942    i.__scatterload_null  mc_w.l(handlers.o)
    0x08003198   0x08003198   0x0000000e   Code   RO         4943    i.__scatterload_zeroinit  mc_w.l(handlers.o)
    0x080031a6   0x080031a6   0x00000002   PAD
    0x080031a8   0x080031a8   0x0000000c   Code   RO         4866    i.__set_errno       mc_w.l(errno.o)
    0x080031b4   0x080031b4   0x00000184   Code   RO         4813    i._fp_digits        mc_w.l(printfa.o)
    0x08003338   0x08003338   0x0000000e   Code   RO         4926    i._is_digit         mc_w.l(scanf_fp.o)
    0x08003346   0x08003346   0x00000002   PAD
    0x08003348   0x08003348   0x000006dc   Code   RO         4814    i._printf_core      mc_w.l(printfa.o)
    0x08003a24   0x08003a24   0x00000024   Code   RO         4815    i._printf_post_padding  mc_w.l(printfa.o)
    0x08003a48   0x08003a48   0x0000002e   Code   RO         4816    i._printf_pre_padding  mc_w.l(printfa.o)
    0x08003a76   0x08003a76   0x00000016   Code   RO         4817    i._snputc           mc_w.l(printfa.o)
    0x08003a8c   0x08003a8c   0x0000000a   Code   RO         4818    i._sputc            mc_w.l(printfa.o)
    0x08003a96   0x08003a96   0x0000002a   Code   RO         4540    i.atof              m_ws.l(atof.o)
    0x08003ac0   0x08003ac0   0x00000038   Code   RO           14    i.flash_led         my_functions.o
    0x08003af8   0x08003af8   0x00000080   Code   RO           15    i.foult_handler     my_functions.o
    0x08003b78   0x08003b78   0x00000030   Code   RO         4462    i.fputc             retarget_io.o
    0x08003ba8   0x08003ba8   0x00000070   Code   RO           16    i.get_RTC_str       my_functions.o
    0x08003c18   0x08003c18   0x0000006c   Code   RO          240    i.get_gps_str       main.o
    0x08003c84   0x08003c84   0x0000015c   Code   RO          511    i.hard_fault_handler_c  my_asm.o
    0x08003de0   0x08003de0   0x000000b0   Code   RO          241    i.main              main.o
    0x08003e90   0x08003e90   0x0000000e   Code   RO         3951    i.makeFreeRtosPriority  cmsis_os.o
    0x08003e9e   0x08003e9e   0x00000002   PAD
    0x08003ea0   0x08003ea0   0x000001bc   Code   RO           17    i.make_array_of_coordinate  my_functions.o
    0x0800405c   0x0800405c   0x00000018   Code   RO         3953    i.osDelay           cmsis_os.o
    0x08004074   0x08004074   0x0000000a   Code   RO         3956    i.osKernelStart     cmsis_os.o
    0x0800407e   0x0800407e   0x00000028   Code   RO         3965    i.osMessageCreate   cmsis_os.o
    0x080040a6   0x080040a6   0x0000005e   Code   RO         3990    i.osThreadCreate    cmsis_os.o
    0x08004104   0x08004104   0x00000098   Code   RO         3637    i.prvAddCurrentTaskToDelayedList  tasks.o
    0x0800419c   0x0800419c   0x000000b4   Code   RO         3638    i.prvAddNewTaskToReadyList  tasks.o
    0x08004250   0x08004250   0x00000048   Code   RO         3639    i.prvCheckTasksWaitingTermination  tasks.o
    0x08004298   0x08004298   0x0000002a   Code   RO         3312    i.prvCopyDataFromQueue  queue.o
    0x080042c2   0x080042c2   0x0000007c   Code   RO         3313    i.prvCopyDataToQueue  queue.o
    0x0800433e   0x0800433e   0x00000050   Code   RO         3640    i.prvDeleteTCB      tasks.o
    0x0800438e   0x0800438e   0x00000002   PAD
    0x08004390   0x08004390   0x0000007c   Code   RO         4318    i.prvHeapInit       heap_4.o
    0x0800440c   0x0800440c   0x00000028   Code   RO         3641    i.prvIdleTask       tasks.o
    0x08004434   0x08004434   0x00000026   Code   RO         3316    i.prvInitialiseNewQueue  queue.o
    0x0800445a   0x0800445a   0x000000aa   Code   RO         3642    i.prvInitialiseNewTask  tasks.o
    0x08004504   0x08004504   0x00000068   Code   RO         3643    i.prvInitialiseTaskLists  tasks.o
    0x0800456c   0x0800456c   0x00000068   Code   RO         4319    i.prvInsertBlockIntoFreeList  heap_4.o
    0x080045d4   0x080045d4   0x0000001a   Code   RO         3317    i.prvIsQueueEmpty   queue.o
    0x080045ee   0x080045ee   0x0000001e   Code   RO         3318    i.prvIsQueueFull    queue.o
    0x0800460c   0x0800460c   0x00000034   Code   RO         3644    i.prvResetNextTaskUnblockTime  tasks.o
    0x08004640   0x08004640   0x00000040   Code   RO         4381    i.prvTaskExitError  port.o
    0x08004680   0x08004680   0x00000058   Code   RO         3645    i.prvTaskIsTaskSuspended  tasks.o
    0x080046d8   0x080046d8   0x0000007e   Code   RO         3319    i.prvUnlockQueue    queue.o
    0x08004756   0x08004756   0x00000002   PAD
    0x08004758   0x08004758   0x0000013c   Code   RO         4320    i.pvPortMalloc      heap_4.o
    0x08004894   0x08004894   0x00000024   Code   RO         4382    i.pxPortInitialiseStack  port.o
    0x080048b8   0x080048b8   0x00000158   Code   RO           18    i.send_message      my_functions.o
    0x08004a10   0x08004a10   0x00000128   Code   RO           19    i.set_RTC           my_functions.o
    0x08004b38   0x08004b38   0x000000dc   Code   RO          242    i.sim800l_send      main.o
    0x08004c14   0x08004c14   0x0000000c   Code   RO         4463    i.stderr_putchar    retarget_io.o
    0x08004c20   0x08004c20   0x0000000c   Code   RO         4465    i.stdout_putchar    retarget_io.o
    0x08004c2c   0x08004c2c   0x00000028   Code   RO         3272    i.uxListRemove      list.o
    0x08004c54   0x08004c54   0x00000018   Code   RO          325    i.vApplicationGetIdleTaskMemory  freertos.o
    0x08004c6c   0x08004c6c   0x0000001a   Code   RO         3273    i.vListInitialise   list.o
    0x08004c86   0x08004c86   0x00000006   Code   RO         3274    i.vListInitialiseItem  list.o
    0x08004c8c   0x08004c8c   0x00000034   Code   RO         3275    i.vListInsert       list.o
    0x08004cc0   0x08004cc0   0x00000018   Code   RO         3276    i.vListInsertEnd    list.o
    0x08004cd8   0x08004cd8   0x00000054   Code   RO         4384    i.vPortEnterCritical  port.o
    0x08004d2c   0x08004d2c   0x0000003c   Code   RO         4385    i.vPortExitCritical  port.o
    0x08004d68   0x08004d68   0x00000094   Code   RO         4321    i.vPortFree         heap_4.o
    0x08004dfc   0x08004dfc   0x00000028   Code   RO         4386    i.vPortSetupTimerInterrupt  port.o
    0x08004e24   0x08004e24   0x0000005c   Code   RO         3652    i.vTaskDelay        tasks.o
    0x08004e80   0x08004e80   0x00000018   Code   RO         3655    i.vTaskInternalSetTimeOutState  tasks.o
    0x08004e98   0x08004e98   0x0000000c   Code   RO         3656    i.vTaskMissedYield  tasks.o
    0x08004ea4   0x08004ea4   0x00000038   Code   RO         3658    i.vTaskPlaceOnEventList  tasks.o
    0x08004edc   0x08004edc   0x00000090   Code   RO         3663    i.vTaskResume       tasks.o
    0x08004f6c   0x08004f6c   0x000000b0   Code   RO         3665    i.vTaskStartScheduler  tasks.o
    0x0800501c   0x0800501c   0x000000f4   Code   RO         3666    i.vTaskSuspend      tasks.o
    0x08005110   0x08005110   0x00000010   Code   RO         3667    i.vTaskSuspendAll   tasks.o
    0x08005120   0x08005120   0x0000008c   Code   RO         3668    i.vTaskSwitchContext  tasks.o
    0x080051ac   0x080051ac   0x000000f8   Code   RO         4388    i.xPortStartScheduler  port.o
    0x080052a4   0x080052a4   0x0000005e   Code   RO         3328    i.xQueueGenericCreate  queue.o
    0x08005302   0x08005302   0x000000de   Code   RO         3329    i.xQueueGenericCreateStatic  queue.o
    0x080053e0   0x080053e0   0x00000098   Code   RO         3330    i.xQueueGenericReset  queue.o
    0x08005478   0x08005478   0x000001a8   Code   RO         3331    i.xQueueGenericSend  queue.o
    0x08005620   0x08005620   0x00000168   Code   RO         3338    i.xQueueReceive     queue.o
    0x08005788   0x08005788   0x0000008c   Code   RO         3669    i.xTaskCheckForTimeOut  tasks.o
    0x08005814   0x08005814   0x00000064   Code   RO         3670    i.xTaskCreate       tasks.o
    0x08005878   0x08005878   0x000000b8   Code   RO         3671    i.xTaskCreateStatic  tasks.o
    0x08005930   0x08005930   0x00000020   Code   RO         3675    i.xTaskGetSchedulerState  tasks.o
    0x08005950   0x08005950   0x00000148   Code   RO         3678    i.xTaskIncrementTick  tasks.o
    0x08005a98   0x08005a98   0x000000c8   Code   RO         3681    i.xTaskPriorityDisinherit  tasks.o
    0x08005b60   0x08005b60   0x00000098   Code   RO         3683    i.xTaskRemoveFromEventList  tasks.o
    0x08005bf8   0x08005bf8   0x00000104   Code   RO         3684    i.xTaskResumeAll    tasks.o
    0x08005cfc   0x08005cfc   0x00000064   Data   RO          244    .constdata          main.o
    0x08005d60   0x08005d60   0x00000018   Data   RO         3136    .constdata          system_stm32f1xx.o
    0x08005d78   0x08005d78   0x00000081   Data   RO         4897    .constdata          mc_w.l(ctype_o.o)
    0x08005df9   0x08005df9   0x00000003   PAD
    0x08005dfc   0x08005dfc   0x00000004   Data   RO         4898    .constdata          mc_w.l(ctype_o.o)
    0x08005e00   0x08005e00   0x00000050   Data   RO           21    .conststring        my_functions.o
    0x08005e50   0x08005e50   0x00000018   Data   RO          245    .conststring        main.o
    0x08005e68   0x08005e68   0x00000020   Data   RO         4939    Region$$Table       anon$$obj.o


    Execution Region RW_IRAM1 (Exec base: 0x20000000, Load base: 0x08005e88, Size: 0x00002ff8, Max: 0x00005000, ABSOLUTE)

    Exec Addr    Load Addr    Size         Type   Attr      Idx    E Section Name        Object

    0x20000000   0x08005e88   0x00000010   Data   RW          246    .data               main.o
    0x20000010   0x08005e98   0x00000009   Data   RW          606    .data               stm32f1xx_hal.o
    0x20000019   0x08005ea1   0x00000003   PAD
    0x2000001c   0x08005ea4   0x00000004   Data   RW         3137    .data               system_stm32f1xx.o
    0x20000020   0x08005ea8   0x0000003c   Data   RW         3687    .data               tasks.o
    0x2000005c   0x08005ee4   0x00000018   Data   RW         4326    .data               heap_4.o
    0x20000074   0x08005efc   0x0000000c   Data   RW         4389    .data               port.o
    0x20000080   0x08005f08   0x00000004   Data   RW         4551    .data               mc_w.l(stdout.o)
    0x20000084   0x08005f0c   0x00000004   Data   RW         4552    .data               mc_w.l(stderr.o)
    0x20000088   0x08005f10   0x00000004   Data   RW         4867    .data               mc_w.l(errno.o)
    0x2000008c        -       0x00000043   Zero   RW           20    .bss                my_functions.o
    0x200000cf   0x08005f14   0x00000001   PAD
    0x200000d0        -       0x00000094   Zero   RW          243    .bss                main.o
    0x20000164        -       0x00000254   Zero   RW          326    .bss                freertos.o
    0x200003b8        -       0x00000040   Zero   RW          474    .bss                stm32f1xx_hal_timebase_tim.o
    0x200003f8        -       0x000000f0   Zero   RW         3686    .bss                tasks.o
    0x200004e8        -       0x00002710   Zero   RW         4325    .bss                heap_4.o
    0x20002bf8        -       0x00000400   Zero   RW            1    STACK               startup_stm32f103xb.o


==============================================================================

Image component sizes


      Code (inc. data)   RO Data    RW Data    ZI Data      Debug   Object Name

       182          0          0          0          0      22665   cmsis_os.o
         0          0          0          0          0      18136   event_groups.o
        24         10          0          0        596       1172   freertos.o
       692         62          0         24      10000       7139   heap_4.o
       148          0          0          0          0       3338   list.o
      1196        278        124         16        148       6711   main.o
       392        190          0          0          0       1127   my_asm.o
      1444        450         80          0         67     462817   my_functions.o
       734         64          0         12          0      10236   port.o
      1638         14          0          0          0      11851   queue.o
       120         14          0          0          0       3407   retarget_io.o
        36          8        236          0       1024        788   startup_stm32f103xb.o
       116         24          0          9          0       5142   stm32f1xx_hal.o
       252         22          0          0          0      28590   stm32f1xx_hal_cortex.o
       812         34          0          0          0       2632   stm32f1xx_hal_gpio.o
       420         42          0          0          0       2251   stm32f1xx_hal_msp.o
        12          4          0          0          0        499   stm32f1xx_hal_pwr.o
      1852        120          0          0          0       6497   stm32f1xx_hal_rcc.o
       584         46          0          0          0       2361   stm32f1xx_hal_rcc_ex.o
      1778         18          0          0          0      12656   stm32f1xx_hal_rtc.o
       626         12          0          0          0       5870   stm32f1xx_hal_tim.o
         4          0          0          0          0       1477   stm32f1xx_hal_tim_ex.o
       136         18          0          0         64       1399   stm32f1xx_hal_timebase_tim.o
      1074          4          0          0          0       4483   stm32f1xx_hal_uart.o
        40          6          0          0          0       2910   stm32f1xx_it.o
         0          0          0          0          0        392   stream_buffer.o
        88         18         24          4          0       1115   system_stm32f1xx.o
      3238        398          0         60        240      24297   tasks.o

    ----------------------------------------------------------------------
     17654       1856        496        128      12140     651958   Object Totals
         0          0         32          0          0          0   (incl. Generated)
        16          0          0          3          1          0   (incl. Padding)

    ----------------------------------------------------------------------

      Code (inc. data)   RO Data    RW Data    ZI Data      Debug   Library Member Name

        42          0          0          0          0         84   atof.o
        28          0          0          0          0         68   _chval.o
        64          0          0          0          0         84   _sgetc.o
       158          0          0          0          0         92   _strtoul.o
        26          0          0          0          0         80   atoi.o
         8          4        133          0          0         68   ctype_o.o
         0          0          0          0          0          0   entry.o
         0          0          0          0          0          0   entry10a.o
         0          0          0          0          0          0   entry11a.o
         8          4          0          0          0          0   entry2.o
         4          0          0          0          0          0   entry5.o
         0          0          0          0          0          0   entry7b.o
         0          0          0          0          0          0   entry8b.o
         8          4          0          0          0          0   entry9a.o
        32         16          0          4          0        204   errno.o
        30          0          0          0          0          0   handlers.o
        36          8          0          0          0         68   init.o
        18          0          0          0          0         76   isspace_o.o
         0          0          0          0          0          0   iusefp.o
        30          0          0          0          0         68   llshl.o
        36          0          0          0          0         68   llsshr.o
        32          0          0          0          0         68   llushr.o
        20          0          0          0          0         68   memchr.o
        36          0          0          0          0         68   memcpya.o
        36          0          0          0          0        108   memseta.o
      2374        100          0          0          0        752   printfa.o
       878         12          0          0          0        216   scanf_fp.o
         0          0          0          4          0          0   stderr.o
         0          0          0          4          0          0   stdout.o
        20          0          0          0          0         68   strchr.o
        14          0          0          0          0         68   strlen.o
        30          0          0          0          0         80   strncmp.o
        36          0          0          0          0         80   strstr.o
       156         12          0          0          0        120   strtod.o
       112          0          0          0          0         88   strtol.o
        44          0          0          0          0         80   uidiv.o
        98          0          0          0          0         92   uldiv.o
        48          0          0          0          0         68   cdrcmple.o
        56          0          0          0          0         88   d2f.o
       334          0          0          0          0        148   dadd.o
       222          0          0          0          0        100   ddiv.o
       186          0          0          0          0        176   depilogue.o
        48          0          0          0          0         68   dfixul.o
        24          0          0          0          0         76   dfltul.o
       228          0          0          0          0         96   dmul.o
        38          0          0          0          0         68   f2d.o
       176          0          0          0          0        140   fadd.o
       110          0          0          0          0        168   fepilogue.o
        18          0          0          0          0         68   fflti.o

    ----------------------------------------------------------------------
      5914        160        136         12          0       4180   Library Totals
        12          0          3          0          0          0   (incl. Padding)

    ----------------------------------------------------------------------

      Code (inc. data)   RO Data    RW Data    ZI Data      Debug   Library Name

        42          0          0          0          0         84   m_ws.l
      4372        160        133         12          0       2832   mc_w.l
      1488          0          0          0          0       1264   mf_w.l

    ----------------------------------------------------------------------
      5914        160        136         12          0       4180   Library Totals

    ----------------------------------------------------------------------

==============================================================================


      Code (inc. data)   RO Data    RW Data    ZI Data      Debug   

     23568       2016        632        140      12140     646358   Grand Totals
     23568       2016        632        140      12140     646358   ELF Image Totals
     23568       2016        632        140          0          0   ROM Totals

==============================================================================

    Total RO  Size (Code + RO Data)                24200 (  23.63kB)
    Total RW  Size (RW Data + ZI Data)             12280 (  11.99kB)
    Total ROM Size (Code + RO Data + RW Data)      24340 (  23.77kB)

==============================================================================

